3.838: [GC [PSYoungGen: 11066K->1952K(37824K)] 11066K->1960K(124352K), 0.0157279 secs] [Times: user=0.03 sys=0.00, real=0.02 secs] 
3.854: [Class Histogram (before full gc): 
 num     #instances         #bytes  class name
----------------------------------------------
   1:         16389        2240040  <methodKlass>
   2:         16389        1986024  <constMethodKlass>
   3:          1261        1431272  <constantPoolKlass>
   4:          1207         988160  <constantPoolCacheKlass>
   5:          1261         957760  <instanceKlassKlass>
   6:          8197         503904  [C
   7:          1614         293136  [B
   8:          1446         205712  [I
   9:          6348         203136  sun.font.TrueTypeFont$DirectoryEntry
  10:          7904         189696  java.lang.String
  11:          1404         174648  java.lang.Class
  12:          2029         147144  [S
  13:          4225         135200  java.util.HashMap$Entry
  14:          2141         124296  [[I
  15:           126          72576  <objArrayKlassKlass>
  16:          1391          44512  java.util.concurrent.ConcurrentHashMap$HashEntry
  17:           320          43520  sun.font.TrueTypeFont
  18:           107          41216  <methodDataKlass>
  19:           320          31336  [Lsun.font.TrueTypeFont$DirectoryEntry;
  20:            74          31272  [Ljava.util.HashMap$Entry;
  21:           357          28560  [Ljava.util.concurrent.ConcurrentHashMap$Segment;
  22:           525          24480  [Ljava.lang.Object;
  23:           522          21840  [Ljava.util.concurrent.ConcurrentHashMap$HashEntry;
  24:           522          20880  java.util.concurrent.ConcurrentHashMap$Segment
  25:           584          18688  java.util.Hashtable$Entry
  26:           357          17136  java.util.concurrent.ConcurrentHashMap
  27:           525          16800  java.util.concurrent.locks.ReentrantLock$NonfairSync
  28:           382          15280  java.lang.ref.SoftReference
  29:           417          13344  java.lang.ref.WeakReference
  30:           779          12464  java.lang.Integer
  31:           171          12312  java.lang.reflect.Field
  32:           209          10336  [Ljava.lang.String;
  33:           199           9552  sun.java2d.loops.Blit
  34:           206           8240  java.util.LinkedHashMap$Entry
  35:           163           7824  sun.java2d.loops.ScaledBlit
  36:           405           6480  java.lang.Short
  37:           162           6480  sun.font.FontFamily
  38:           370           5920  java.lang.Object
  39:           361           5776  sun.font.TrueTypeFont$TTDisposerRecord
  40:           340           5440  sun.font.Font2DHandle
  41:            24           5224  [Ljava.util.Hashtable$Entry;
  42:           204           4896  java.io.ExpiringCache$Entry
  43:             8           4608  <typeArrayKlassKlass>
  44:            88           4224  sun.java2d.loops.MaskBlit
  45:           175           4200  java.util.ArrayList
  46:            71           3976  java.util.HashMap
  47:            46           3312  java.lang.reflect.Constructor
  48:             2           3024  [Lsun.java2d.loops.GraphicsPrimitive;
  49:           104           2520  [[C
  50:            50           2400  java.nio.HeapByteBuffer
  51:             8           2320  [F
  52:            11           2288  <klassKlass>
  53:            47           2256  sun.java2d.loops.MaskFill
  54:            10           2240  java.awt.Button
  55:            65           2080  com.sun.org.apache.xerces.internal.xni.QName
  56:            32           2048  java.net.URL
  57:            41           1968  sun.util.locale.LocaleObjectCache$CacheEntry
  58:            60           1920  java.lang.ref.PhantomReference
  59:            20           1920  sun.font.CompositeFont
  60:            58           1856  sun.java2d.DefaultDisposerRecord
  61:            41           1640  java.lang.ref.Finalizer
  62:            40           1600  java.util.TreeMap$Entry
  63:            50           1600  sun.java2d.loops.SurfaceType
  64:            49           1568  java.io.FileDescriptor
  65:            48           1536  sun.awt.PlatformFont$PlatformFontCache
  66:            19           1520  java.lang.reflect.Method
  67:            47           1504  java.security.AccessControlContext
  68:            20           1440  java.awt.geom.AffineTransform
  69:            30           1440  sun.java2d.loops.DrawGlyphListAA
  70:            20           1440  [Lsun.font.PhysicalFont;
  71:            27           1296  sun.java2d.loops.BlitBg
  72:            10           1280  sun.awt.windows.WButtonPeer
  73:            24           1248  [J
  74:            30           1200  java.io.ObjectStreamField
  75:            16           1152  sun.java2d.windows.GDIWindowSurfaceData
  76:            11           1144  java.lang.Thread
  77:            20           1120  sun.nio.ch.FileChannelImpl
  78:            24           1096  [Z
  79:            19           1064  sun.java2d.loops.GraphicsPrimitiveProxy
  80:            26           1040  java.awt.SystemColor
  81:             1           1040  [Ljava.lang.Short;
  82:             1           1040  [Ljava.lang.Integer;
  83:            32           1024  sun.util.logging.PlatformLogger$LoggerProxy
  84:            14           1016  [Ljava.util.WeakHashMap$Entry;
  85:            17            984  [D
  86:            14            936  [Ljava.lang.reflect.Field;
  87:            45            928  [Ljava.lang.Class;
  88:            16            896  java.util.Hashtable
  89:            27            864  java.io.FileInputStream
  90:            21            840  sun.util.locale.BaseLocale$Key
  91:            26            832  java.awt.Color
  92:            13            832  java.nio.DirectByteBuffer
  93:            52            832  java.util.concurrent.atomic.AtomicInteger
  94:            17            816  sun.java2d.loops.DrawGlyphList
  95:            17            816  sun.java2d.loops.FillRect
  96:            14            784  java.util.WeakHashMap
  97:            24            768  sun.font.EAttribute
  98:            32            768  sun.awt.SunHints$Value
  99:            16            768  sun.java2d.loops.FillSpans
 100:            16            768  sun.java2d.loops.DrawPolygons
 101:            16            768  sun.java2d.loops.DrawLine
 102:            16            768  sun.java2d.loops.DrawPath
 103:            32            768  java.util.Date
 104:            16            768  sun.java2d.loops.FillPath
 105:            16            768  sun.java2d.loops.DrawRect
 106:             1            712  [Lcom.sun.org.apache.xerces.internal.util.SymbolTable$Entry;
 107:            22            704  java.lang.ref.ReferenceQueue
 108:            14            672  sun.misc.URLClassPath$JarLoader
 109:            21            672  sun.util.locale.BaseLocale
 110:            14            672  sun.java2d.loops.TransformHelper
 111:            16            640  [Lsun.awt.EventQueueItem;
 112:            20            640  java.io.RandomAccessFile
 113:             7            632  [Lsun.java2d.loops.RenderCache$Entry;
 114:            13            624  sun.java2d.loops.DrawGlyphListLCD
 115:            19            608  java.util.Vector
 116:            25            600  [Ljava.security.ProtectionDomain;
 117:             2            544  java.awt.Panel
 118:            22            528  sun.reflect.NativeConstructorAccessorImpl
 119:            22            528  java.util.Locale
 120:            22            528  [Ljava.lang.reflect.Constructor;
 121:            16            512  [Ljava.awt.Rectangle;
 122:            32            512  sun.util.logging.PlatformLogger
 123:             7            504  java.awt.Font
 124:             6            480  java.awt.MenuItem
 125:            20            480  sun.nio.ch.NativeThreadSet
 126:             4            480  sun.font.FileFontStrike
 127:            19            456  java.util.Locale$LocaleKey
 128:            19            456  sun.java2d.loops.CompositeType
 129:             1            456  qa.demos.dom.DOMViewer
 130:             7            448  sun.java2d.windows.GDIBlitLoops
 131:             1            448  [[J
 132:             8            448  java.util.Properties
 133:             1            432  [[[C
 134:             9            432  [Lsun.awt.SunHints$Value;
 135:            18            432  sun.java2d.StateTrackableDelegate
 136:            17            408  java.io.File
 137:            10            400  java.util.WeakHashMap$Entry
 138:             7            392  java.nio.DirectLongBufferU
 139:             4            384  [Lcom.sun.org.apache.xerces.internal.xni.QName;
 140:            24            384  java.lang.ref.ReferenceQueue$Lock
 141:             8            384  com.sun.org.apache.xerces.internal.util.XMLAttributesImpl$Attribute
 142:            23            368  java.awt.font.TextAttribute
 143:            15            360  sun.misc.MetaIndex
 144:            22            352  sun.reflect.DelegatingConstructorAccessorImpl
 145:            22            352  java.lang.Float
 146:             1            344  com.sun.org.apache.xerces.internal.impl.XMLNSDocumentScannerImpl
 147:             7            336  sun.java2d.pipe.PixelToParallelogramConverter
 148:             3            336  [Lsun.font.EAttribute;
 149:            14            336  sun.awt.CausedFocusEvent$Cause
 150:            14            336  java.awt.Dimension
 151:            20            320  sun.nio.ch.FileDispatcherImpl
 152:            20            320  java.nio.channels.spi.AbstractInterruptibleChannel$1
 153:            11            320  [Ljava.io.ObjectStreamField;
 154:             6            288  sun.awt.windows.WMenuItemPeer
 155:             6            288  sun.font.SunFontManager$FamilyDescription
 156:            12            288  java.awt.AlphaComposite
 157:            12            288  com.sun.org.apache.xerces.internal.util.XMLStringBuffer
 158:             9            288  com.sun.org.apache.xerces.internal.util.AugmentationsImpl$SmallContainer
 159:             1            288  java.awt.ScrollPane
 160:             2            288  java.awt.image.DirectColorModel
 161:             5            280  sun.font.StrikeMetrics
 162:             6            280  [[I
 163:             2            272  sun.awt.windows.WPanelPeer
 164:            17            272  java.util.HashSet
 165:             4            256  sun.nio.cs.SingleByte$Encoder
 166:            16            256  sun.awt.RepaintArea
 167:             8            256  java.lang.OutOfMemoryError
 168:             5            240  sun.font.FontStrikeDisposer
 169:             6            240  sun.awt.FontDescriptor
 170:             5            240  sun.java2d.loops.DrawParallelogram
 171:             5            240  sun.font.StrikeCache$SoftDisposerRef
 172:            10            240  com.sun.org.apache.xerces.internal.xni.XMLString
 173:             5            240  sun.java2d.loops.FillParallelogram
 174:             1            232  qa.demos.dom.DOMViewer$DisplayCanvas
 175:             9            216  sun.awt.SunHints$Key
 176:             1            216  java.awt.Label
 177:             7            216  [Ljava.lang.Boolean;
 178:             5            200  sun.font.FontStrikeDesc
 179:             6            200  [[S
 180:             4            192  sun.font.CMap$CMapFormat4
 181:             6            192  java.lang.ClassLoader$NativeLibrary
 182:             6            192  java.util.Stack
 183:             6            192  java.util.LinkedList
 184:             4            192  java.awt.LightweightDispatcher
 185:             1            192  com.sun.org.apache.xerces.internal.impl.XMLDTDScannerImpl
 186:             6            192  java.awt.Rectangle
 187:             1            192  com.sun.org.apache.xerces.internal.parsers.XIncludeAwareParserConfiguration
 188:             3            176  [[Ljava.lang.String;
 189:             1            176  sun.awt.windows.WFramePeer
 190:             2            176  java.awt.Menu
 191:             1            176  com.sun.org.apache.xerces.internal.impl.dtd.XMLNSDTDValidator
 192:             3            168  java.util.ResourceBundle$CacheKey
 193:             7            168  com.sun.org.apache.xerces.internal.util.FeatureState
 194:             7            168  sun.misc.PerfCounter
 195:             4            160  sun.font.T2KFontScaler
 196:             5            160  java.util.Collections$SynchronizedMap
 197:             4            160  java.security.ProtectionDomain
 198:             2            160  [Ljava.lang.ThreadLocal$ThreadLocalMap$Entry;
 199:             1            160  sun.awt.Win32FontManager
 200:             2            160  sun.font.FontDesignMetrics
 201:            10            160  java.lang.ThreadLocal
 202:             5            160  [[Lsun.awt.FontDescriptor;
 203:             5            160  java.util.Collections$UnmodifiableMap
 204:             5            160  java.awt.font.FontRenderContext
 205:             2            160  [Ljava.nio.ByteBuffer;
 206:             1            152  sun.awt.windows.WScrollPanePeer
 207:             2            144  [Ljava.awt.Cursor;
 208:             1            144  com.sun.org.apache.xerces.internal.parsers.DOMParser
 209:             3            144  sun.nio.cs.UTF_8$Encoder
 210:             6            144  java.lang.StringBuilder
 211:             6            144  com.sun.org.apache.xerces.internal.util.Status
 212:             9            144  com.sun.org.apache.xerces.internal.util.AugmentationsImpl
 213:             3            144  java.util.ResourceBundle$BundleReference
 214:             4            144  [Ljava.lang.reflect.Method;
 215:             1            136  com.sun.org.apache.xerces.internal.dom.DocumentImpl
 216:             4            128  java.security.CodeSource
 217:             2            128  java.util.jar.JarFile
 218:             4            128  <compiledICHolderKlass>
 219:             4            128  sun.font.TrueTypeGlyphMapper
 220:             2            128  java.io.ExpiringCache$1
 221:             1            128  sun.awt.windows.WCanvasPeer
 222:             1            128  sun.awt.windows.WLabelPeer
 223:             4            128  java.awt.Insets
 224:             1            120  java.awt.EventDispatchThread
 225:             5            120  java.awt.AWTKeyStroke
 226:             1            120  [Ljava.awt.SystemColor;
 227:             5            120  com.sun.org.apache.xerces.internal.util.PropertyState
 228:             3            120  sun.misc.URLClassPath
 229:             3            120  java.awt.event.PaintEvent
 230:             3            120  sun.awt.windows.WFontPeer
 231:             3            120  java.util.IdentityHashMap
 232:             2            112  java.awt.ScrollPaneAdjustable
 233:             2            112  sun.awt.windows.WFontMetrics
 234:             2            112  sun.nio.cs.StreamEncoder
 235:             1            112  com.sun.org.apache.xerces.internal.impl.XMLEntityManager
 236:             7            112  sun.java2d.loops.RenderCache
 237:             1            112  java.lang.ref.Finalizer$FinalizerThread
 238:             1            104  sun.awt.windows.WFontConfiguration
 239:             1            104  java.lang.ref.Reference$ReferenceHandler
 240:             3             96  java.util.zip.ZipCoder
 241:             4             96  java.util.Arrays$ArrayList
 242:             2             96  java.lang.ThreadGroup
 243:             3             96  java.util.concurrent.locks.AbstractQueuedSynchronizer$Node
 244:             3             96  java.lang.ThreadLocal$ThreadLocalMap$Entry
 245:             6             96  sun.java2d.pipe.AAShapePipe
 246:             1             96  [Lsun.font.CompositeFont;
 247:             1             96  [Lsun.font.FileFont;
 248:             3             96  java.util.ResourceBundle$LoaderReference
 249:             2             96  sun.awt.Symbol$Encoder
 250:             4             96  sun.java2d.StateTrackable$State
 251:             3             96  com.sun.org.apache.xerces.internal.util.XMLResourceIdentifierImpl
 252:             1             96  sun.font.AttributeValues
 253:             2             96  sun.font.FontDesignMetrics$KeyReference
 254:             1             96  com.sun.org.apache.xerces.internal.impl.dtd.XMLDTDProcessor
 255:             2             96  java.io.BufferedWriter
 256:             6             96  sun.java2d.pipe.TextRenderer
 257:             2             96  sun.awt.windows.WMenuPeer
 258:             4             96  java.util.Collections$UnmodifiableRandomAccessList
 259:             4             96  java.awt.Dialog$ModalityType
 260:             2             96  sun.awt.windows.WingDings$Encoder
 261:             4             96  java.awt.Queue
 262:             4             96  java.util.LinkedList$Node
 263:             1             88  [Ljava.awt.geom.AffineTransform;
 264:             1             88  [[D
 265:             1             80  sun.misc.Launcher$ExtClassLoader
 266:             1             80  com.sun.org.apache.xalan.internal.xsltc.trax.TransformerImpl
 267:             2             80  sun.java2d.pipe.Region$ImmutableRegion
 268:             1             80  sun.font.GlyphList
 269:             2             80  java.io.ExpiringCache
 270:             2             80  [Ljava.lang.Thread;
 271:             5             80  java.util.HashMap$KeySet
 272:             2             80  com.sun.org.apache.xerces.internal.impl.dtd.XMLEntityDecl
 273:             2             80  com.sun.org.apache.xerces.internal.impl.dtd.XMLSimpleType
 274:             2             80  sun.misc.Cleaner
 275:             1             80  sun.misc.Launcher$AppClassLoader
 276:             4             80  [Ljava.awt.AWTKeyStroke;
 277:             1             80  sun.net.www.protocol.jar.URLJarFile
 278:             3             72  sun.awt.EventQueueItem
 279:             3             72  java.util.concurrent.atomic.AtomicLong
 280:             3             72  sun.awt.AppContext$State
 281:             3             72  java.awt.Dialog$ModalExclusionType
 282:             3             72  java.util.ArrayDeque
 283:             3             72  java.awt.Window$Type
 284:             1             72  [Lsun.font.PhysicalStrike;
 285:             3             72  java.util.Collections$SynchronizedSet
 286:             3             72  java.lang.StringBuffer
 287:             1             72  sun.awt.Win32GraphicsDevice
 288:             1             72  java.awt.EventQueue
 289:             1             72  java.awt.DefaultKeyboardFocusManager
 290:             1             72  [Lsun.awt.CausedFocusEvent$Cause;
 291:             1             72  sun.awt.windows.WToolkit
 292:             3             72  java.awt.EventFilter$FilterAction
 293:             3             72  java.lang.RuntimePermission
 294:             1             64  sun.java2d.loops.RenderLoops
 295:             2             64  java.util.Random
 296:             2             64  java.lang.ref.ReferenceQueue$Null
 297:             4             64  [Ljava.security.Principal;
 298:             3             64  [Ljava.beans.PropertyChangeListener;
 299:             4             64  java.security.ProtectionDomain$Key
 300:             2             64  java.io.FileOutputStream
 301:             2             64  java.io.PrintStream
 302:             2             64  java.lang.VirtualMachineError
 303:             2             64  java.nio.DirectByteBuffer$Deallocator
 304:             2             64  [Lcom.sun.org.apache.xerces.internal.impl.XMLEntityManager$CharacterBuffer;
 305:             1             64  java.util.ResourceBundle$RBClassLoader
 306:             2             64  [Lsun.awt.FontDescriptor;
 307:             1             64  sun.awt.im.InputMethodContext
 308:             2             64  java.io.OutputStreamWriter
 309:             2             64  [Lcom.sun.org.apache.xerces.internal.util.XMLAttributesImpl$Attribute;
 310:             1             64  java.awt.color.ICC_ColorSpace
 311:             1             56  [Ljava.util.Locale;
 312:             1             56  java.awt.MenuBar
 313:             1             56  sun.awt.AppContext
 314:             1             56  java.lang.Package
 315:             1             56  [Ljava.lang.Runnable;
 316:             1             56  com.sun.org.apache.xerces.internal.dom.ElementImpl
 317:             1             56  sun.nio.cs.UTF_16$Decoder
 318:             1             56  com.sun.org.apache.xalan.internal.xsltc.trax.TransformerFactoryImpl
 319:             1             56  java.util.zip.ZipFile$ZipFileInputStream
 320:             1             56  java.awt.BorderLayout
 321:             1             56  sun.awt.im.ExecutableInputMethodManager
 322:             1             56  java.lang.ProcessEnvironment
 323:             1             56  sun.java2d.NullSurfaceData
 324:             1             56  sun.nio.cs.UTF_16LE$Encoder
 325:             1             56  com.sun.org.apache.xerces.internal.impl.XMLEntityScanner
 326:             1             56  [[Lsun.awt.SunHints$Value;
 327:             1             48  sun.java2d.pipe.RenderBuffer
 328:             2             48  sun.awt.MostRecentKeyValue
 329:             3             48  java.nio.charset.CodingErrorAction
 330:             3             48  java.text.AttributedCharacterIterator$Attribute
 331:             1             48  sun.awt.windows.WInputMethod
 332:             2             48  sun.misc.NativeSignalHandler
 333:             3             48  sun.java2d.pipe.SpanClipRenderer
 334:             1             48  java.awt.event.ActionEvent
 335:             2             48  java.beans.PropertyChangeSupport
 336:             3             48  sun.java2d.pipe.PixelToShapeConverter
 337:             1             48  com.sun.org.apache.xerces.internal.util.XMLAttributesIteratorImpl
 338:             3             48  java.beans.PropertyChangeSupport$PropertyChangeListenerMap
 339:             2             48  sun.nio.ch.Util$BufferCache
 340:             2             48  java.awt.ScrollPane$PeerFixer
 341:             3             48  com.sun.org.apache.xerces.internal.impl.dv.dtd.ListDatatypeValidator
 342:             2             48  sun.awt.util.IdentityArrayList
 343:             3             48  java.awt.ComponentOrientation
 344:             2             48  sun.awt.im.InputMethodLocator
 345:             2             48  java.nio.charset.CoderResult
 346:             1             48  com.sun.org.apache.xerces.internal.impl.XMLDocumentFragmentScannerImpl$ElementStack
 347:             2             48  java.lang.ThreadLocal$ThreadLocalMap
 348:             1             48  com.sun.org.apache.xerces.internal.jaxp.DocumentBuilderImpl
 349:             2             48  sun.font.FontDesignMetrics$MetricsKey
 350:             2             48  java.util.concurrent.locks.AbstractQueuedSynchronizer$ConditionObject
 351:             1             48  java.util.TreeMap
 352:             2             48  java.io.BufferedOutputStream
 353:             1             48  sun.java2d.SurfaceData$PixelToPgramLoopConverter
 354:             3             48  java.util.concurrent.locks.ReentrantLock
 355:             1             48  sun.font.CompositeStrike
 356:             2             48  sun.misc.Signal
 357:             1             48  sun.awt.windows.WMenuBarPeer
 358:             3             48  sun.net.www.protocol.jar.Handler
 359:             1             48  [Lsun.font.FontStrike;
 360:             1             40  sun.nio.cs.StandardCharsets$Classes
 361:             1             40  [[[Lsun.awt.FontDescriptor;
 362:             1             40  sun.awt.resources.awt
 363:             1             40  java.awt.Cursor
 364:             1             40  [[[I
 365:             1             40  java.awt.color.ICC_ProfileRGB
 366:             1             40  com.sun.org.apache.xerces.internal.jaxp.DocumentBuilderFactoryImpl
 367:             1             40  [Lsun.font.FontDesignMetrics;
 368:             1             40  sun.nio.cs.StandardCharsets$Cache
 369:             1             40  com.sun.org.apache.xerces.internal.impl.validation.ValidationState
 370:             1             40  [[[S
 371:             1             40  com.sun.xml.internal.stream.XMLEntityStorage
 372:             1             40  sun.java2d.SurfaceDataProxy$1
 373:             1             40  com.sun.org.apache.xerces.internal.impl.XMLDocumentFragmentScannerImpl$ElementStack2
 374:             1             40  java.awt.FlowLayout
 375:             1             40  java.io.BufferedInputStream
 376:             1             40  sun.awt.AWTAutoShutdown
 377:             1             40  com.sun.org.apache.xerces.internal.util.XMLAttributesImpl
 378:             1             40  sun.nio.cs.StandardCharsets$Aliases
 379:             1             40  java.awt.BasicStroke
 380:             1             40  com.sun.org.apache.xerces.internal.impl.dtd.XMLDTDDescription
 381:             1             40  com.sun.org.apache.xerces.internal.impl.XMLErrorReporter
 382:             1             40  [Lcom.sun.org.apache.xerces.internal.util.Status;
 383:             1             40  java.util.ResourceBundle$1
 384:             1             40  sun.awt.windows.awtLocalization
 385:             1             40  com.sun.org.apache.xerces.internal.impl.XMLVersionDetector
 386:             1             40  com.sun.org.apache.xerces.internal.impl.XMLEntityManager$CharacterBufferPool
 387:             1             32  sun.misc.SoftCache
 388:             1             32  java.lang.NullPointerException
 389:             1             32  java.util.concurrent.atomic.AtomicReferenceFieldUpdater$AtomicReferenceFieldUpdaterImpl
 390:             1             32  java.security.BasicPermissionCollection
 391:             1             32  [Ljava.lang.ThreadGroup;
 392:             2             32  sun.java2d.pipe.SpanShapeRenderer$Composite
 393:             1             32  [Ljava.awt.Queue;
 394:             2             32  [Ljava.lang.StackTraceElement;
 395:             1             32  [Ljava.awt.EventFilter$FilterAction;
 396:             1             32  sun.nio.cs.StandardCharsets
 397:             1             32  java.io.FilePermission
 398:             1             32  java.awt.GridLayout
 399:             1             32  java.lang.ArithmeticException
 400:             1             32  java.awt.DefaultFocusTraversalPolicy
 401:             1             32  java.io.WinNTFileSystem
 402:             1             32  com.sun.org.apache.xerces.internal.impl.XMLEntityScanner$1
 403:             1             32  com.sun.org.apache.xerces.internal.util.NamespaceSupport
 404:             1             32  sun.java2d.d3d.D3DScreenUpdateManager
 405:             2             32  java.util.HashMap$EntrySet
 406:             1             32  [[Ljava.awt.AWTKeyStroke;
 407:             1             32  com.sun.org.apache.xerces.internal.impl.XMLNSDocumentScannerImpl$NSContentDriver
 408:             2             32  java.lang.Shutdown$Lock
 409:             2             32  java.lang.Boolean
 410:             1             32  java.security.Permissions
 411:             2             32  java.nio.ByteOrder
 412:             2             32  com.sun.org.apache.xerces.internal.impl.dv.dtd.ENTITYDatatypeValidator
 413:             1             32  sun.awt.PostEventQueue
 414:             1             32  [Ljava.util.Set;
 415:             1             32  sun.reflect.UnsafeQualifiedStaticObjectFieldAccessorImpl
 416:             1             32  sun.awt.windows.WGlobalCursorManager
 417:             1             32  [Ljava.awt.Dialog$ModalityType;
 418:             2             32  java.util.HashMap$Values
 419:             2             32  sun.awt.SunDisplayChanger
 420:             1             32  [Ljava.lang.OutOfMemoryError;
 421:             2             32  java.util.Collections$UnmodifiableSet
 422:             1             32  [Lsun.java2d.StateTrackable$State;
 423:             1             32  java.lang.StringCoding$StringDecoder
 424:             1             32  [Ljava.awt.Dialog$ModalExclusionType;
 425:             1             32  [Ljava.util.Map;
 426:             1             32  sun.java2d.cmm.ProfileDeferralInfo
 427:             1             32  [Ljava.awt.Window$Type;
 428:             1             32  [Lsun.awt.AppContext$State;
 429:             1             32  com.sun.org.apache.xerces.internal.impl.dtd.XMLElementDecl
 430:             1             32  sun.awt.Win32GraphicsConfig
 431:             1             24  sun.nio.cs.UTF_16BE
 432:             1             24  com.sun.org.apache.xerces.internal.impl.msg.XMLMessageFormatter
 433:             1             24  qa.demos.dom.DOMViewer$1
 434:             1             24  sun.nio.cs.MS1252
 435:             1             24  sun.nio.cs.Surrogate$Parser
 436:             1             24  java.io.FilePermissionCollection
 437:             1             24  sun.nio.cs.ThreadLocalCoders$2
 438:             1             24  sun.reflect.UnsafeBooleanFieldAccessorImpl
 439:             1             24  sun.misc.PerformanceLogger$TimeData
 440:             1             24  sun.awt.SunHints$LCDContrastKey
 441:             1             24  [Lsun.launcher.LauncherHelper;
 442:             1             24  java.util.Collections$EmptyMap
 443:             1             24  java.awt.Toolkit$DesktopPropertyChangeSupport
 444:             1             24  com.sun.org.apache.xerces.internal.impl.dtd.XMLAttributeDecl
 445:             1             24  qa.demos.dom.DOMViewer$7
 446:             1             24  qa.demos.dom.DOMViewer$4
 447:             1             24  [Ljava.awt.GraphicsDevice;
 448:             1             24  sun.nio.cs.UTF_16LE
 449:             1             24  com.sun.org.apache.xerces.internal.impl.dtd.DTDGrammarBucket
 450:             1             24  com.sun.org.apache.xerces.internal.util.SecurityManager
 451:             1             24  sun.awt.windows.WingDings
 452:             1             24  sun.awt.Win32GraphicsEnvironment
 453:             1             24  qa.demos.dom.DOMViewer$8
 454:             1             24  java.awt.EventQueue$3
 455:             1             24  qa.demos.dom.DOMViewer$2
 456:             1             24  sun.awt.GlobalCursorManager$NativeUpdater
 457:             1             24  qa.demos.dom.DOMViewer$9
 458:             1             24  sun.nio.cs.UTF_16
 459:             1             24  java.awt.Cursor$CursorDisposer
 460:             1             24  sun.nio.cs.ThreadLocalCoders$1
 461:             1             24  java.util.ResourceBundle$Control$CandidateListCache
 462:             1             24  sun.util.locale.BaseLocale$Cache
 463:             1             24  qa.demos.dom.DOMViewer$5
 464:             1             24  sun.reflect.NativeMethodAccessorImpl
 465:             1             24  sun.nio.cs.UTF_8
 466:             1             24  qa.demos.dom.DOMViewer$6
 467:             1             24  com.sun.org.apache.xml.internal.utils.XMLReaderManager
 468:             1             24  java.awt.KeyboardFocusManager$HeavyweightFocusRequest
 469:             1             24  java.lang.reflect.ReflectPermission
 470:             1             24  java.awt.EventQueue$4
 471:             1             24  sun.nio.cs.US_ASCII
 472:             1             24  java.util.Collections$SetFromMap
 473:             1             24  sun.launcher.LauncherHelper
 474:             1             24  java.util.BitSet
 475:             1             24  sun.nio.cs.ISO_8859_1
 476:             1             24  com.sun.org.apache.xerces.internal.impl.validation.ValidationManager
 477:             1             24  sun.awt.Symbol
 478:             1             24  sun.misc.URLClassPath$FileLoader
 479:             1             24  sun.java2d.d3d.D3DRenderQueue
 480:             1             24  java.util.Locale$Cache
 481:             1             24  com.sun.org.apache.xerces.internal.util.SymbolTable
 482:             1             24  qa.demos.dom.DOMViewer$3
 483:             1             16  sun.awt.image.PixelConverter$ByteGray
 484:             1             16  sun.reflect.DelegatingMethodAccessorImpl
 485:             1             16  java.awt.DefaultKeyboardFocusManager$1
 486:             1             16  java.awt.MenuComponent$1
 487:             1             16  sun.awt.windows.WInputMethodDescriptor
 488:             1             16  java.security.ProtectionDomain$3
 489:             1             16  java.awt.SequencedEvent$1
 490:             1             16  sun.awt.windows.WToolkit$2$1
 491:             1             16  java.util.Collections$EmptySet
 492:             1             16  java.lang.ref.Reference$Lock
 493:             1             16  sun.util.CoreResourceBundleControl
 494:             1             16  sun.java2d.pipe.GeneralCompositePipe
 495:             1             16  qa.demos.dom.DOMViewer$14
 496:             1             16  java.awt.Component$1
 497:             1             16  sun.java2d.pipe.AlphaColorPipe
 498:             1             16  sun.awt.image.PixelConverter$UshortGray
 499:             1             16  java.util.Hashtable$EntrySet
 500:             1             16  sun.java2d.SurfaceData$PixelToShapeLoopConverter
 501:             1             16  sun.awt.image.PixelConverter$RgbaPre
 502:             1             16  sun.awt.windows.WWindowPeer$GuiDisposedListener
 503:             1             16  sun.awt.windows.WToolkit$2
 504:             1             16  sun.java2d.pipe.LoopPipe
 505:             1             16  java.lang.CharacterDataLatin1
 506:             1             16  java.util.ResourceBundle$Control
 507:             1             16  java.awt.EventDispatchThread$1
 508:             1             16  java.lang.CharacterData00
 509:             1             16  qa.demos.dom.DOMViewer$15
 510:             1             16  sun.misc.Perf
 511:             1             16  java.util.concurrent.ConcurrentHashMap$KeySet
 512:             1             16  sun.font.CMap$NullCMapClass
 513:             1             16  sun.awt.image.PixelConverter$Rgbx
 514:             1             16  sun.awt.image.PixelConverter$Rgba
 515:             1             16  sun.net.www.protocol.file.Handler
 516:             1             16  sun.reflect.ReflectionFactory
 517:             1             16  sun.java2d.windows.GDIRenderer
 518:             1             16  sun.awt.windows.WWindowPeer$ActiveWindowListener
 519:             1             16  sun.java2d.loops.GraphicsPrimitiveMgr$1
 520:             1             16  java.nio.Bits$1
 521:             1             16  sun.java2d.WindowsSurfaceManagerFactory
 522:             1             16  sun.misc.Launcher
 523:             1             16  sun.awt.image.PixelConverter$Bgrx
 524:             1             16  java.lang.String$CaseInsensitiveComparator
 525:             1             16  sun.awt.windows.WToolkit$ToolkitDisposer
 526:             1             16  qa.demos.dom.DOMViewer$16
 527:             1             16  [Ljava.nio.file.attribute.FileAttribute;
 528:             1             16  java.util.Collections$EmptyList
 529:             1             16  sun.nio.ch.Util$1
 530:             1             16  java.util.WeakHashMap$KeySet
 531:             1             16  qa.demos.dom.DOMViewer$10
 532:             1             16  java.io.FileDescriptor$1
 533:             1             16  com.sun.org.apache.xerces.internal.impl.dv.dtd.DTDDVFactoryImpl
 534:             1             16  sun.awt.AppContext$6
 535:             1             16  sun.misc.FloatingDecimal$1
 536:             1             16  java.lang.Terminator$1
 537:             1             16  java.awt.KeyboardFocusManager$1
 538:             1             16  com.sun.org.apache.xerces.internal.impl.XMLDocumentScannerImpl$XMLDeclDriver
 539:             1             16  sun.awt.image.PixelConverter$ArgbBm
 540:             1             16  sun.java2d.pipe.OutlineTextRenderer
 541:             1             16  java.awt.Font$FontAccessImpl
 542:             1             16  javax.xml.transform.SecuritySupport
 543:             1             16  sun.awt.image.PixelConverter$Xbgr
 544:             1             16  sun.java2d.loops.GraphicsPrimitiveMgr$2
 545:             1             16  java.awt.EventQueue$2
 546:             1             16  sun.awt.image.PixelConverter$Ushort4444Argb
 547:             1             16  sun.awt.SunToolkit$ModalityListenerList
 548:             1             16  java.lang.Runtime
 549:             1             16  qa.demos.dom.DOMViewer$13
 550:             1             16  com.sun.org.apache.xerces.internal.utils.SecuritySupport
 551:             1             16  sun.awt.image.PixelConverter
 552:             1             16  com.sun.org.apache.xerces.internal.impl.dv.dtd.StringDatatypeValidator
 553:             1             16  java.lang.System$2
 554:             1             16  sun.dc.DuctusRenderingEngine
 555:             1             16  sun.java2d.pipe.DrawImage
 556:             1             16  sun.misc.Launcher$Factory
 557:             1             16  java.lang.reflect.ReflectAccess
 558:             1             16  java.net.URLClassLoader$7
 559:             1             16  java.util.concurrent.atomic.AtomicBoolean
 560:             1             16  java.awt.Frame$1
 561:             1             16  sun.java2d.pipe.LCDTextRenderer
 562:             1             16  sun.java2d.pipe.ValidatePipe
 563:             1             16  sun.font.SunFontManager$T1Filter
 564:             1             16  sun.awt.image.PixelConverter$ArgbPre
 565:             1             16  sun.java2d.StateTracker$1
 566:             1             16  java.lang.ApplicationShutdownHooks$1
 567:             1             16  java.awt.GraphicsCallback$PaintCallback
 568:             1             16  java.util.zip.ZipFile$2
 569:             1             16  sun.java2d.pipe.AATextRenderer
 570:             1             16  com.sun.org.apache.xerces.internal.impl.dv.dtd.IDDatatypeValidator
 571:             1             16  sun.java2d.Disposer
 572:             1             16  com.sun.org.apache.xerces.internal.impl.XMLDocumentScannerImpl$TrailingMiscDriver
 573:             1             16  [Ljava.awt.Component;
 574:             1             16  sun.java2d.pipe.AlphaPaintPipe
 575:             1             16  java.awt.Cursor$1
 576:             1             16  com.sun.org.apache.xerces.internal.impl.dv.dtd.NMTOKENDatatypeValidator
 577:             1             16  java.awt.color.ICC_Profile$1
 578:             1             16  qa.demos.dom.DOMViewer$12
 579:             1             16  sun.awt.PaintEventDispatcher
 580:             1             16  sun.awt.image.PixelConverter$Ushort555Rgbx
 581:             1             16  java.nio.charset.CoderResult$2
 582:             1             16  java.util.jar.JavaUtilJarAccessImpl
 583:             1             16  java.awt.ImageCapabilities
 584:             1             16  com.sun.org.apache.xerces.internal.impl.dv.dtd.IDREFDatatypeValidator
 585:             1             16  sun.font.SunFontManager$TTFilter
 586:             1             16  sun.net.www.protocol.jar.JarFileFactory
 587:             1             16  java.util.Collections$EmptyEnumeration
 588:             1             16  java.awt.Component$AWTTreeLock
 589:             1             16  java.awt.EventDispatchThread$HierarchyEventFilter
 590:             1             16  sun.misc.Unsafe
 591:             1             16  java.util.logging.LoggingProxyImpl
 592:             1             16  sun.java2d.d3d.D3DScreenUpdateManager$1
 593:             1             16  java.security.ProtectionDomain$1
 594:             1             16  java.awt.Container$1
 595:             1             16  java.awt.AWTEvent$1
 596:             1             16  sun.util.calendar.Gregorian
 597:             1             16  java.awt.event.InputEvent$1
 598:             1             16  sun.java2d.StateTracker$2
 599:             1             16  java.awt.MenuItem$1
 600:             1             16  [Ljava.security.cert.Certificate;
 601:             1             16  java.lang.ProcessEnvironment$EntryComparator
 602:             1             16  java.awt.Component$DummyRequestFocusController
 603:             1             16  javax.xml.parsers.SecuritySupport
 604:             1             16  sun.java2d.d3d.D3DScreenUpdateManager$1$1
 605:             1             16  sun.util.locale.InternalLocaleBuilder$CaseInsensitiveChar
 606:             1             16  sun.awt.windows.WKeyboardFocusManagerPeer
 607:             1             16  sun.java2d.pipe.SolidTextRenderer
 608:             1             16  com.sun.org.apache.xerces.internal.impl.XMLDocumentScannerImpl$PrologDriver
 609:             1             16  sun.awt.image.PixelConverter$Ushort565Rgb
 610:             1             16  java.nio.charset.CoderResult$1
 611:             1             16  java.awt.Image$1
 612:             1             16  java.lang.ProcessEnvironment$NameComparator
 613:             1             16  sun.awt.image.PixelConverter$Ushort555Rgb
 614:             1             16  sun.awt.image.PixelConverter$Argb
 615:             1             16  java.awt.ScrollPaneAdjustable$1
 616:             1             16  com.sun.org.apache.xalan.internal.utils.SecuritySupport
 617:             1             16  com.sun.org.apache.xerces.internal.impl.dv.dtd.NOTATIONDatatypeValidator
 618:             1             16  sun.awt.image.PixelConverter$Xrgb
 619:             1             16  java.util.concurrent.ConcurrentHashMap$Values
 620:             1             16  java.awt.EventQueue$1
 621:             1             16  java.awt.MenuBar$1
 622:             1             16  sun.java2d.pipe.NullPipe
 623:             1             16  [Ljava.lang.Throwable;
 624:             1             16  java.awt.Window$1
 625:             1             16  qa.demos.dom.DOMViewer$11
 626:             1             16  java.awt.Menu$1
Total         85461       10272304
, 0.0145448 secs]
3.868: [Full GC (System) [PSYoungGen: 1952K->0K(37824K)] [ParOldGen: 8K->1841K(86528K)] 1960K->1841K(124352K) [PSPermGen: 8071K->8068K(21248K)], 0.0642519 secs] [Times: user=0.06 sys=0.00, real=0.06 secs] 
39.928: [GC [PSYoungGen: 15166K->3168K(37824K)] 17008K->5009K(124352K), 0.0192218 secs] [Times: user=0.03 sys=0.00, real=0.01 secs] 
39.947: [Class Histogram (before full gc): 
 num     #instances         #bytes  class name
----------------------------------------------
   1:         25465        3478632  <methodKlass>
   2:         25465        3108784  <constMethodKlass>
   3:          2192        2378448  <constantPoolKlass>
   4:          2192        1638208  <instanceKlassKlass>
   5:          2084        1608416  <constantPoolCacheKlass>
   6:         23836        1148368  [C
   7:         23442         562608  java.lang.String
   8:          2728         531160  [B
   9:          2758         507096  [I
  10:          8461         338440  com.sun.org.apache.xerces.internal.dom.DeferredTextImpl
  11:          2417         296376  java.lang.Class
  12:          4591         257096  com.sun.org.apache.xerces.internal.dom.DeferredElementImpl
  13:          3001         253344  [Ljava.lang.Object;
  14:          3415         226888  [S
  15:          6348         203136  sun.font.TrueTypeFont$DirectoryEntry
  16:          3661         195776  [[I
  17:           362         173920  <methodDataKlass>
  18:          4887         156384  java.util.HashMap$Entry
  19:           208         119808  <objArrayKlassKlass>
  20:          1297         103760  java.lang.reflect.Method
  21:          2520         100800  com.sun.org.apache.xerces.internal.dom.DeferredAttrImpl
  22:           551          72488  [Ljava.util.HashMap$Entry;
  23:           899          64728  java.lang.reflect.Field
  24:          1573          50336  java.util.concurrent.ConcurrentHashMap$HashEntry
  25:          1966          47184  java.util.ArrayList
  26:           320          43520  sun.font.TrueTypeFont
  27:          1710          41040  com.sun.org.apache.xerces.internal.dom.AttributeMap
  28:           942          37680  java.util.LinkedHashMap$Entry
  29:           799          31960  java.lang.ref.SoftReference
  30:           320          31336  [Lsun.font.TrueTypeFont$DirectoryEntry;
  31:          1422          30288  [Ljava.lang.Class;
  32:           539          30184  java.util.HashMap
  33:           366          29280  [Ljava.util.concurrent.ConcurrentHashMap$Segment;
  34:           844          27008  java.util.Hashtable$Entry
  35:           588          24656  [Ljava.util.concurrent.ConcurrentHashMap$HashEntry;
  36:           612          22816  [Ljava.lang.String;
  37:           567          22680  java.util.concurrent.ConcurrentHashMap$Segment
  38:           635          20320  java.util.concurrent.locks.ReentrantLock$NonfairSync
  39:           274          19728  java.lang.reflect.Constructor
  40:           567          18144  java.lang.ref.WeakReference
  41:           366          17568  java.util.concurrent.ConcurrentHashMap
  42:           174          16104  [Ljava.util.Hashtable$Entry;
  43:           812          12992  java.lang.Integer
  44:           607           9712  java.lang.Object
  45:           199           9552  sun.java2d.loops.Blit
  46:           297           9504  java.util.Vector
  47:           161           9016  java.util.Hashtable
  48:           148           8432  [Ljava.lang.reflect.Method;
  49:           341           8184  java.lang.Long
  50:           163           7824  sun.java2d.loops.ScaledBlit
  51:           153           7344  java.util.logging.LogManager$LoggerWeakRef
  52:           180           7200  java.io.ObjectStreamField
  53:           405           6480  java.lang.Short
  54:           162           6480  sun.font.FontFamily
  55:            59           6136  java.io.ObjectStreamClass
  56:           361           5776  sun.font.TrueTypeFont$TTDisposerRecord
  57:            90           5648  [J
  58:           141           5640  java.security.ProtectionDomain
  59:           340           5440  sun.font.Font2DHandle
  60:           130           5200  java.util.TreeMap$Entry
  61:           211           5064  java.io.ExpiringCache$Entry
  62:           123           4920  java.util.WeakHashMap$Entry
  63:            75           4800  sun.reflect.DelegatingClassLoader
  64:            84           4648  [Ljava.lang.reflect.Field;
  65:             8           4608  <typeArrayKlassKlass>
  66:           187           4488  javax.management.ImmutableDescriptor
  67:           140           4480  java.security.CodeSource
  68:            59           4248  java.util.logging.Logger
  69:            88           4224  sun.java2d.loops.MaskBlit
  70:           129           4128  java.util.logging.LogManager$LogNode
  71:           128           4096  com.sun.jmx.mbeanserver.ConvertingMethod
  72:            45           4072  [Ljava.util.WeakHashMap$Entry;
  73:           123           3936  com.sun.org.apache.xerces.internal.xni.QName
  74:           104           3328  java.lang.ref.PhantomReference
  75:            82           3280  java.lang.ref.Finalizer
  76:           100           3200  sun.java2d.DefaultDisposerRecord
  77:           140           3184  [Ljava.lang.reflect.Constructor;
  78:            64           3072  java.nio.HeapByteBuffer
  79:             2           3024  [Lsun.java2d.loops.GraphicsPrimitive;
  80:            45           2880  javax.management.openmbean.OpenMBeanAttributeInfoSupport
  81:            12           2688  java.awt.Button
  82:           165           2640  java.util.HashSet
  83:           135           2536  [Lcom.sun.jmx.mbeanserver.MXBeanMapping;
  84:           104           2520  [[C
  85:            47           2432  [Ljavax.management.MBeanAttributeInfo;
  86:             8           2320  [F
  87:            36           2304  java.net.URL
  88:            41           2296  java.util.WeakHashMap
  89:            11           2288  <klassKlass>
  90:           141           2256  [Ljava.security.Principal;
  91:            47           2256  sun.java2d.loops.MaskFill
  92:           141           2256  java.security.ProtectionDomain$Key
  93:            69           2208  java.security.AccessControlContext
  94:            46           2208  javax.management.MBeanInfo
  95:            68           2176  java.io.FileDescriptor
  96:            30           2160  sun.java2d.windows.GDIWindowSurfaceData
  97:            76           2120  [Ljava.io.ObjectStreamField;
  98:            44           2112  sun.util.locale.LocaleObjectCache$CacheEntry
  99:           128           2048  java.lang.Character
 100:            19           1976  java.lang.Thread
 101:            61           1952  sun.awt.PlatformFont$PlatformFontCache
 102:           122           1952  com.sun.org.apache.xerces.internal.dom.DeferredDocumentImpl$RefCount
 103:            20           1920  sun.font.CompositeFont
 104:            60           1920  javax.management.MBeanAttributeInfo
 105:            59           1888  java.lang.ref.ReferenceQueue
 106:            56           1792  java.io.ObjectStreamClass$WeakClassKey
 107:            69           1656  sun.reflect.NativeConstructorAccessorImpl
 108:            11           1640  [[I
 109:            50           1600  sun.java2d.loops.SurfaceType
 110:            66           1584  java.util.Date
 111:            62           1488  java.util.concurrent.CopyOnWriteArrayList
 112:            62           1488  java.util.jar.Attributes$Name
 113:            30           1440  sun.java2d.loops.DrawGlyphListAA
 114:            20           1440  java.awt.geom.AffineTransform
 115:            20           1440  [Lsun.font.PhysicalFont;
 116:            89           1424  sun.reflect.DelegatingMethodAccessorImpl
 117:             5           1360  java.awt.Panel
 118:            55           1320  sun.reflect.NativeMethodAccessorImpl
 119:            27           1296  sun.java2d.loops.BlitBg
 120:            23           1288  java.security.Provider$Service
 121:            10           1280  sun.awt.windows.WButtonPeer
 122:            39           1248  sun.reflect.UnsafeQualifiedStaticLongFieldAccessorImpl
 123:            19           1216  javax.management.remote.rmi.RMIConnectionImpl$CombinedClassLoader
 124:            38           1216  java.io.FileInputStream
 125:            76           1216  java.util.concurrent.atomic.AtomicInteger
 126:            19           1216  javax.management.remote.rmi.RMIConnectionImpl$CombinedClassLoader$ClassLoaderWrapper
 127:            29           1160  java.io.ObjectStreamClass$FieldReflectorKey
 128:            29           1160  java.io.ObjectStreamClass$FieldReflector
 129:            18           1152  com.sun.jmx.remote.util.OrderClassLoaders
 130:            47           1128  java.io.ObjectStreamClass$ClassDataSlot
 131:            20           1120  sun.nio.ch.FileChannelImpl
 132:            70           1120  sun.reflect.DelegatingConstructorAccessorImpl
 133:            46           1104  java.security.Provider$ServiceKey
 134:            24           1096  [Z
 135:            68           1088  java.util.concurrent.locks.ReentrantLock
 136:            19           1064  sun.java2d.loops.GraphicsPrimitiveProxy
 137:            33           1056  sun.util.logging.PlatformLogger$JavaLogger
 138:            26           1040  java.awt.SystemColor
 139:             1           1040  [Ljava.lang.Long;
 140:             1           1040  [Ljava.lang.Integer;
 141:             1           1040  [Ljava.lang.Short;
 142:            43           1024  [Ljavax.management.ObjectName$Property;
 143:            32           1024  sun.util.logging.PlatformLogger$LoggerProxy
 144:            21           1008  java.util.TreeMap
 145:            18           1008  [D
 146:            61            976  java.lang.ref.ReferenceQueue$Lock
 147:            37            968  [Ljavax.management.MBeanOperationInfo;
 148:            24            960  [Lsun.awt.EventQueueItem;
 149:            30            960  java.security.Provider$EngineDescription
 150:            29            928  java.awt.Color
 151:            23            920  sun.util.locale.BaseLocale$Key
 152:            22            880  javax.management.ObjectName
 153:            36            864  com.sun.org.apache.xerces.internal.util.XMLStringBuffer
 154:             4            864  [[Ljava.lang.Object;
 155:            15            840  javax.management.openmbean.ArrayType
 156:            13            832  java.nio.DirectByteBuffer
 157:            17            816  sun.java2d.loops.FillRect
 158:            34            816  java.awt.AWTKeyStroke
 159:            17            816  sun.java2d.loops.DrawGlyphList
 160:            10            800  [Ljava.lang.ThreadLocal$ThreadLocalMap$Entry;
 161:            20            800  javax.management.MBeanOperationInfo
 162:            33            792  com.sun.org.apache.xerces.internal.xni.XMLString
 163:             7            784  java.net.SocksSocketImpl
 164:             8            768  [Lcom.sun.org.apache.xerces.internal.xni.QName;
 165:            24            768  java.lang.ThreadLocal$ThreadLocalMap$Entry
 166:            32            768  com.sun.jmx.mbeanserver.DefaultMXBeanMappingFactory$IdentityMapping
 167:            16            768  sun.java2d.loops.FillSpans
 168:            16            768  sun.java2d.loops.DrawPath
 169:            32            768  sun.java2d.StateTrackableDelegate
 170:            16            768  sun.java2d.loops.DrawLine
 171:            32            768  sun.awt.SunHints$Value
 172:            16            768  sun.java2d.loops.FillPath
 173:            24            768  sun.font.EAttribute
 174:            16            768  sun.java2d.loops.DrawRect
 175:            16            768  sun.java2d.loops.DrawPolygons
 176:            31            744  javax.management.ObjectName$Property
 177:            23            736  sun.util.locale.BaseLocale
 178:            15            720  sun.misc.URLClassPath$JarLoader
 179:            15            720  java.lang.management.PlatformComponent
 180:            18            720  com.sun.jmx.mbeanserver.MXBeanSupport
 181:            29            720  [Ljava.io.ObjectStreamClass$ClassDataSlot;
 182:             1            712  [Lcom.sun.org.apache.xerces.internal.util.SymbolTable$Entry;
 183:            14            672  sun.java2d.loops.TransformHelper
 184:            42            672  java.util.HashMap$Values
 185:            41            656  sun.reflect.BootstrapConstructorAccessorImpl
 186:            20            640  java.io.RandomAccessFile
 187:             7            632  [Lsun.java2d.loops.RenderCache$Entry;
 188:            13            624  sun.java2d.loops.DrawGlyphListLCD
 189:             7            616  java.net.DualStackPlainSocketImpl
 190:            26            616  [Ljava.security.ProtectionDomain;
 191:            11            616  java.util.Properties
 192:            38            608  java.util.jar.Attributes
 193:            19            608  com.sun.jmx.mbeanserver.WeakIdentityHashMap$IdentityWeakReference
 194:            24            576  java.util.Locale
 195:            18            576  javax.management.MBeanParameterInfo
 196:            12            576  com.sun.org.apache.xerces.internal.util.XMLAttributesImpl$Attribute
 197:            14            560  javax.management.openmbean.SimpleType
 198:            23            552  java.security.Provider$UString
 199:            23            552  com.sun.jmx.mbeanserver.PerInterface$MethodAndSig
 200:            17            544  <compiledICHolderKlass>
 201:            17            544  [Ljava.awt.Rectangle;
 202:            17            544  com.sun.org.apache.xerces.internal.util.SymbolTable$Entry
 203:             1            528  [Ljava.lang.Character;
 204:            33            528  sun.util.logging.PlatformLogger
 205:            13            520  java.awt.event.PaintEvent
 206:            16            512  java.awt.Rectangle
 207:             8            512  java.util.LinkedHashMap
 208:            21            504  sun.reflect.generics.tree.SimpleClassTypeSignature
 209:             7            504  java.awt.Font
 210:             9            504  javax.management.openmbean.CompositeType
 211:            12            480  com.sun.jmx.mbeanserver.PerInterface
 212:            20            480  sun.nio.ch.NativeThreadSet
 213:             6            480  java.awt.MenuItem
 214:             4            480  sun.font.FileFontStrike
 215:            19            456  com.sun.jmx.mbeanserver.NamedObject
 216:            19            456  sun.java2d.loops.CompositeType
 217:            19            456  java.util.Locale$LocaleKey
 218:            19            456  java.net.InetAddress$InetAddressHolder
 219:             1            456  qa.demos.dom.DOMViewer
 220:            19            456  [Ljavax.management.MBeanParameterInfo;
 221:            19            456  java.awt.Dimension
 222:             8            448  java.util.ResourceBundle$CacheKey
 223:             8            448  javax.management.openmbean.OpenMBeanParameterInfoSupport
 224:             1            448  [[J
 225:             7            448  sun.java2d.windows.GDIBlitLoops
 226:             2            432  java.awt.Label
 227:             1            432  [[[C
 228:             1            432  qa.demos.dom.DOMViewer$CreateDialog
 229:             9            432  [Lsun.awt.SunHints$Value;
 230:            13            416  com.sun.org.apache.xerces.internal.util.AugmentationsImpl$SmallContainer
 231:            17            408  java.io.ObjectStreamClass$ExceptionInfo
 232:            17            408  java.io.File
 233:            10            400  sun.rmi.transport.tcp.TCPEndpoint
 234:            18            400  [Ljavax.management.MBeanNotificationInfo;
 235:             7            392  java.nio.DirectLongBufferU
 236:            21            392  [Lsun.reflect.generics.tree.TypeArgument;
 237:            12            384  sun.reflect.UnsafeQualifiedStaticObjectFieldAccessorImpl
 238:             8            384  sun.nio.cs.UTF_8$Encoder
 239:             8            384  java.util.ResourceBundle$BundleReference
 240:            12            384  java.io.DataInputStream
 241:            23            368  java.awt.font.TextAttribute
 242:            15            360  sun.misc.MetaIndex
 243:            22            352  java.lang.Float
 244:             1            344  com.sun.org.apache.xerces.internal.impl.XMLNSDocumentScannerImpl
 245:             7            336  sun.java2d.pipe.PixelToParallelogramConverter
 246:            21            336  sun.reflect.generics.tree.ClassTypeSignature
 247:             7            336  com.sun.jmx.mbeanserver.DefaultMXBeanMappingFactory$CompositeMapping
 248:            14            336  javax.management.StandardMBean
 249:             3            336  [Lsun.font.EAttribute;
 250:            14            336  com.sun.jmx.remote.util.ClassLogger
 251:            14            336  sun.awt.CausedFocusEvent$Cause
 252:             1            336  com.sun.org.apache.xerces.internal.impl.XMLDocumentScannerImpl
 253:            16            328  [Ljava.lang.management.PlatformComponent;
 254:             5            320  java.util.jar.JarFile
 255:            10            320  sun.security.jca.ProviderConfig
 256:            10            320  java.rmi.server.UID
 257:            20            320  java.nio.channels.spi.AbstractInterruptibleChannel$1
 258:             5            320  sun.nio.cs.SingleByte$Encoder
 259:            20            320  sun.nio.ch.FileDispatcherImpl
 260:            13            312  java.lang.RuntimePermission
 261:            13            312  sun.awt.EventQueueItem
 262:             1            288  java.awt.ScrollPane
 263:            12            288  java.awt.AlphaComposite
 264:             9            288  java.util.LinkedList
 265:             6            288  java.util.concurrent.ThreadPoolExecutor$Worker
 266:             2            288  java.awt.image.DirectColorModel
 267:             9            288  java.util.Collections$SynchronizedMap
 268:             6            288  sun.font.SunFontManager$FamilyDescription
 269:            12            288  java.util.Collections$SingletonList
 270:             9            288  java.util.logging.Level
 271:             6            288  sun.awt.windows.WMenuItemPeer
 272:             9            288  java.lang.ClassLoader$NativeLibrary
 273:             5            280  sun.rmi.transport.tcp.TCPConnection
 274:             5            280  sun.font.StrikeMetrics
 275:             5            280  sun.rmi.transport.tcp.TCPChannel
 276:             5            280  sun.management.MemoryPoolImpl
 277:            17            272  sun.awt.RepaintArea
 278:             2            272  sun.awt.windows.WPanelPeer
 279:             8            256  java.util.ResourceBundle$LoaderReference
 280:             8            256  java.lang.OutOfMemoryError
 281:            16            256  java.util.TreeMap$EntrySet
 282:             1            248  java.awt.TextField
 283:            10            240  sun.rmi.runtime.Log$LoggerLog
 284:             7            240  [[S
 285:             6            240  java.io.BufferedInputStream
 286:             5            240  sun.font.FontStrikeDisposer
 287:             5            240  sun.java2d.loops.DrawParallelogram
 288:             5            240  sun.font.StrikeCache$SoftDisposerRef
 289:             5            240  sun.java2d.loops.FillParallelogram
 290:             6            240  sun.awt.FontDescriptor
 291:            10            240  java.util.LinkedList$Node
 292:            10            240  java.lang.ThreadLocal$ThreadLocalMap
 293:             5            240  java.net.SocketInputStream
 294:             6            240  sun.reflect.generics.repository.MethodRepository
 295:             5            240  java.net.SocketOutputStream
 296:            15            240  java.lang.ThreadLocal
 297:             1            232  qa.demos.dom.DOMViewer$DisplayCanvas
 298:             7            224  java.util.zip.ZipCoder
 299:             7            224  java.util.Collections$UnmodifiableMap
 300:             9            216  java.util.logging.Level$KnownLevel
 301:            13            216  [Ljavax.management.MBeanConstructorInfo;
 302:             9            216  sun.awt.SunHints$Key
 303:             9            216  java.net.Inet4Address
 304:             7            216  [Ljava.lang.Boolean;
 305:            10            208  [Ljava.lang.reflect.Type;
 306:            13            208  com.sun.org.apache.xerces.internal.util.AugmentationsImpl
 307:             1            200  com.sun.org.apache.xerces.internal.dom.DeferredDocumentImpl
 308:             5            200  sun.management.MemoryPoolImpl$PoolSensor
 309:             5            200  sun.font.FontStrikeDesc
 310:             5            200  java.util.IdentityHashMap
 311:             5            200  sun.management.MemoryPoolImpl$CollectionSensor
 312:             5            200  sun.rmi.transport.tcp.TCPTransport$ConnectionHandler
 313:             6            192  sun.reflect.generics.tree.MethodTypeSignature
 314:             1            192  com.sun.org.apache.xerces.internal.impl.XMLDTDScannerImpl
 315:             8            192  java.util.Collections$UnmodifiableRandomAccessList
 316:             4            192  java.awt.LightweightDispatcher
 317:             6            192  java.util.Stack
 318:             3            192  sun.awt.im.InputMethodContext
 319:             6            192  java.util.concurrent.locks.AbstractQueuedSynchronizer$Node
 320:             6            192  java.awt.font.FontRenderContext
 321:             4            192  sun.font.CMap$CMapFormat4
 322:             6            192  java.net.Socket
 323:             1            192  com.sun.org.apache.xerces.internal.parsers.XIncludeAwareParserConfiguration
 324:             8            192  sun.reflect.generics.factory.CoreReflectionFactory
 325:             3            176  [[Ljava.lang.String;
 326:             1            176  com.sun.org.apache.xerces.internal.impl.dtd.XMLDTDValidator
 327:             1            176  com.sun.org.apache.xerces.internal.impl.dtd.XMLNSDTDValidator
 328:             2            176  java.awt.Menu
 329:             1            176  sun.awt.windows.WFramePeer
 330:             7            168  java.lang.StringBuilder
 331:             7            168  sun.management.counter.Units
 332:             3            168  javax.management.openmbean.OpenMBeanOperationInfoSupport
 333:             3            168  sun.util.calendar.ZoneInfo
 334:             3            168  java.util.zip.ZipFile$ZipFileInputStream
 335:             3            168  sun.awt.windows.WFontMetrics
 336:             9            168  [Lsun.reflect.generics.tree.FieldTypeSignature;
 337:             7            168  java.net.NetPermission
 338:             3            168  sun.rmi.transport.Target
 339:             7            168  com.sun.org.apache.xerces.internal.util.FeatureState
 340:             7            168  sun.misc.PerfCounter
 341:             3            168  sun.nio.cs.StreamEncoder
 342:             7            168  java.io.BufferedOutputStream
 343:             7            168  java.net.InetAddress
 344:             7            168  java.util.ArrayDeque
 345:             4            160  java.util.Collections$SingletonMap
 346:             1            160  sun.awt.Win32FontManager
 347:             4            160  com.sun.org.apache.xerces.internal.impl.dtd.XMLSimpleType
 348:             2            160  sun.font.FontDesignMetrics
 349:             5            160  [[Lsun.awt.FontDescriptor;
 350:             2            160  sun.net.www.protocol.jar.URLJarFile
 351:             2            160  javax.management.remote.rmi.NoCallStackClassLoader
 352:             4            160  sun.font.T2KFontScaler
 353:             2            160  [Ljava.nio.ByteBuffer;
 354:             5            160  java.io.DataOutputStream
 355:             1            152  sun.awt.windows.WScrollPanePeer
 356:             6            144  com.sun.jmx.interceptor.DefaultMBeanServerInterceptor$ListenerWrapper
 357:             3            144  java.lang.ThreadGroup
 358:             6            144  sun.reflect.generics.scope.MethodScope
 359:             6            144  java.lang.Thread$State
 360:             6            144  java.util.Arrays$ArrayList
 361:             2            144  [Ljava.awt.Cursor;
 362:             6            144  com.sun.org.apache.xerces.internal.util.Status
 363:             3            144  sun.awt.windows.WInputMethod
 364:             6            144  sun.reflect.generics.reflectiveObjects.ParameterizedTypeImpl
 365:             1            144  com.sun.org.apache.xerces.internal.parsers.DOMParser
 366:             6            144  java.util.concurrent.atomic.AtomicLong
 367:             6            144  java.rmi.server.ObjID
 368:             3            144  java.net.Inet6Address
 369:             8            144  [Lsun.reflect.generics.tree.FormalTypeParameter;
 370:             9            144  java.rmi.server.Operation
 371:             6            144  java.util.BitSet
 372:             1            136  com.sun.org.apache.xerces.internal.dom.DocumentImpl
 373:             1            128  sun.awt.windows.WCanvasPeer
 374:             2            128  java.io.ExpiringCache$1
 375:             2            128  sun.rmi.transport.ConnectionInputStream
 376:             4            128  java.awt.Insets
 377:             3            128  [Ljava.lang.Thread;
 378:             4            128  javax.management.StandardEmitterMBean
 379:             4            128  com.sun.org.apache.xerces.internal.util.XMLResourceIdentifierImpl
 380:             4            128  com.sun.jmx.mbeanserver.DefaultMXBeanMappingFactory$ArrayMapping
 381:             1            128  sun.awt.windows.WTextFieldPeer
 382:             4            128  sun.font.TrueTypeGlyphMapper
 383:             4            128  javax.management.MBeanNotificationInfo
 384:             8            128  java.util.HashMap$KeySet
 385:             4            128  sun.management.NotificationEmitterSupport$ListenerInfo
 386:             1            128  sun.awt.windows.WLabelPeer
 387:             8            128  java.util.Collections$UnmodifiableSet
 388:             3            120  java.awt.FlowLayout
 389:             3            120  sun.misc.Cleaner
 390:             3            120  sun.rmi.transport.WeakRef
 391:             5            120  java.util.concurrent.locks.AbstractQueuedSynchronizer$ConditionObject
 392:             5            120  sun.nio.fs.WindowsPathType
 393:             3            120  sun.misc.URLClassPath
 394:             3            120  sun.awt.windows.WFontPeer
 395:             5            120  com.sun.org.apache.xerces.internal.util.PropertyState
 396:             3            120  sun.nio.cs.UTF_8$Decoder
 397:             1            120  java.awt.EventDispatchThread
 398:             3            120  com.sun.org.apache.xerces.internal.impl.dtd.XMLEntityDecl
 399:             1            120  [Ljava.awt.SystemColor;
 400:             2            112  java.util.concurrent.ScheduledThreadPoolExecutor$ScheduledFutureTask
 401:             2            112  java.awt.ScrollPaneAdjustable
 402:             2            112  sun.nio.cs.UTF_16LE$Encoder
 403:             2            112  [Ljava.io.ObjectInputStream$HandleTable$HandleList;
 404:             1            112  java.lang.ref.Finalizer$FinalizerThread
 405:             7            112  sun.java2d.loops.RenderCache
 406:             2            112  java.lang.Package
 407:             2            112  java.awt.BorderLayout
 408:             2            112  java.io.ObjectInputStream$BlockDataInputStream
 409:             2            112  sun.security.provider.SHA
 410:             1            112  java.util.logging.LogManager$Cleaner
 411:             1            112  com.sun.org.apache.xerces.internal.impl.XMLEntityManager
 412:             1            104  sun.security.jca.ProviderList$1
 413:             1            104  sun.security.provider.Sun
 414:             1            104  sun.awt.windows.WFontConfiguration
 415:             1            104  java.lang.ref.Reference$ReferenceHandler
 416:             1             96  com.sun.org.apache.xerces.internal.impl.dtd.XMLDTDProcessor
 417:             3             96  sun.reflect.generics.reflectiveObjects.TypeVariableImpl
 418:             6             96  sun.java2d.pipe.AAShapePipe
 419:             3             96  com.sun.jmx.mbeanserver.DefaultMXBeanMappingFactory$EnumMapping
 420:             6             96  sun.java2d.pipe.TextRenderer
 421:             2             96  sun.awt.Symbol$Encoder
 422:             2             96  java.io.BufferedWriter
 423:             3             96  java.security.Permissions
 424:             4             96  sun.java2d.StateTrackable$State
 425:             4             96  java.awt.Queue
 426:             2             96  com.sun.org.apache.xerces.internal.impl.XMLDocumentFragmentScannerImpl$ElementStack
 427:             3             96  [Lcom.sun.org.apache.xerces.internal.util.XMLAttributesImpl$Attribute;
 428:             2             96  sun.awt.windows.WMenuPeer
 429:             6             96  java.util.HashMap$EntrySet
 430:             6             96  [Lsun.reflect.generics.tree.TypeSignature;
 431:             2             96  com.sun.org.apache.xerces.internal.util.XMLAttributesIteratorImpl
 432:             1             96  sun.font.AttributeValues
 433:             1             96  [Lsun.font.FileFont;
 434:             4             96  java.awt.Dialog$ModalityType
 435:             2             96  java.util.concurrent.FutureTask$Sync
 436:             3             96  sun.rmi.transport.LiveRef
 437:             2             96  sun.management.GarbageCollectorImpl
 438:             4             96  java.lang.StringBuffer
 439:             2             96  javax.management.openmbean.TabularType
 440:             3             96  java.io.OutputStreamWriter
 441:             2             96  sun.awt.windows.WingDings$Encoder
 442:             3             96  com.sun.org.apache.xerces.internal.dom.NodeListCache
 443:             2             96  sun.font.FontDesignMetrics$KeyReference
 444:             1             96  [Lsun.font.CompositeFont;
 445:             1             88  [[D
 446:             3             88  [Ljava.rmi.server.Operation;
 447:             1             88  [Ljava.awt.geom.AffineTransform;
 448:             1             80  java.util.jar.JarFile$JarFileEntry
 449:             2             80  java.io.ExpiringCache
 450:             1             80  com.sun.org.apache.xalan.internal.xsltc.trax.TransformerImpl
 451:             2             80  com.sun.org.apache.xerces.internal.impl.dtd.XMLDTDDescription
 452:             2             80  com.sun.jmx.mbeanserver.DefaultMXBeanMappingFactory$TabularMapping
 453:             1             80  sun.font.GlyphList
 454:             2             80  java.awt.Cursor
 455:             1             80  [Ljava.util.concurrent.RunnableScheduledFuture;
 456:             4             80  [Ljava.awt.AWTKeyStroke;
 457:             1             80  java.util.concurrent.ScheduledThreadPoolExecutor
 458:             1             80  sun.misc.Launcher$AppClassLoader
 459:             2             80  com.sun.org.apache.xerces.internal.impl.validation.ValidationState
 460:             3             80  [Ljava.net.InetAddress;
 461:             2             80  sun.java2d.pipe.Region$ImmutableRegion
 462:             2             80  com.sun.org.apache.xerces.internal.impl.XMLDocumentFragmentScannerImpl$ElementStack2
 463:             1             80  sun.misc.Launcher$ExtClassLoader
 464:             3             72  sun.awt.im.InputMethodLocator
 465:             1             72  sun.awt.windows.WToolkit
 466:             1             72  sun.reflect.misc.MethodUtil
 467:             1             72  java.util.concurrent.ThreadPoolExecutor
 468:             3             72  java.awt.Window$Type
 469:             3             72  sun.awt.AppContext$State
 470:             3             72  java.awt.Dialog$ModalExclusionType
 471:             1             72  [Lsun.awt.CausedFocusEvent$Cause;
 472:             1             72  java.awt.DefaultKeyboardFocusManager
 473:             1             72  java.util.logging.LogManager$RootLogger
 474:             3             72  java.net.InetAddress$CacheEntry
 475:             3             72  sun.awt.util.IdentityArrayList
 476:             1             72  com.sun.jmx.remote.util.ClassLoaderWithRepository
 477:             3             72  java.security.SecurityPermission
 478:             3             72  java.awt.EventFilter$FilterAction
 479:             3             72  sun.rmi.transport.ObjectEndpoint
 480:             1             72  sun.awt.Win32GraphicsDevice
 481:             3             72  sun.reflect.generics.tree.FormalTypeParameter
 482:             2             72  [Lsun.security.jca.ProviderConfig;
 483:             1             72  java.awt.EventQueue
 484:             3             72  java.util.Collections$SynchronizedSet
 485:             1             72  [Lsun.font.PhysicalStrike;
 486:             1             72  [Ljavax.management.openmbean.SimpleType;
 487:             3             72  java.beans.PropertyChangeSupport
 488:             2             64  com.sun.org.apache.xerces.internal.impl.dtd.XMLElementDecl
 489:             1             64  java.security.SecureRandom
 490:             4             64  java.beans.PropertyChangeSupport$PropertyChangeListenerMap
 491:             2             64  java.util.Random
 492:             2             64  java.io.PrintStream
 493:             1             64  java.awt.color.ICC_ColorSpace
 494:             2             64  com.sun.jmx.mbeanserver.DefaultMXBeanMappingFactory$CollectionMapping
 495:             2             64  sun.rmi.transport.tcp.TCPTransport
 496:             2             64  java.lang.ref.ReferenceQueue$Null
 497:             2             64  sun.rmi.transport.StreamRemoteCall
 498:             2             64  [Lsun.awt.FontDescriptor;
 499:             2             64  sun.reflect.generics.repository.ClassRepository
 500:             2             64  sun.util.locale.UnicodeLocaleExtension
 501:             1             64  java.util.ResourceBundle$RBClassLoader
 502:             2             64  java.lang.StringCoding$StringDecoder
 503:             1             64  javax.management.remote.rmi.RMIConnectionImpl
 504:             2             64  sun.rmi.transport.Transport$1
 505:             1             64  com.sun.jmx.remote.internal.ArrayNotificationBuffer
 506:             2             64  [Lcom.sun.org.apache.xerces.internal.impl.XMLEntityManager$CharacterBuffer;
 507:             2             64  java.nio.DirectByteBuffer$Deallocator
 508:             2             64  java.lang.VirtualMachineError
 509:             2             64  java.util.zip.Inflater
 510:             3             64  [Ljava.beans.PropertyChangeListener;
 511:             2             64  java.security.MessageDigest$Delegate
 512:             2             64  java.awt.GridLayout
 513:             1             64  javax.management.remote.rmi.RMIConnectorServer
 514:             2             64  java.io.ObjectInputStream$HandleTable
 515:             1             64  sun.java2d.loops.RenderLoops
 516:             2             64  sun.security.provider.SecureRandom
 517:             2             64  sun.rmi.server.UnicastServerRef2
 518:             2             64  java.io.FileOutputStream
 519:             1             56  com.sun.org.apache.xerces.internal.dom.ElementImpl
 520:             1             56  com.sun.org.apache.xalan.internal.xsltc.trax.TransformerFactoryImpl
 521:             1             56  sun.awt.im.ExecutableInputMethodManager
 522:             1             56  [[Lsun.awt.SunHints$Value;
 523:             1             56  javax.management.remote.rmi.RMIJRMPServerImpl
 524:             1             56  [Ljava.util.Locale;
 525:             1             56  sun.java2d.NullSurfaceData
 526:             1             56  java.lang.ProcessEnvironment
 527:             1             56  sun.rmi.runtime.Log$InternalStreamHandler
 528:             1             56  java.awt.MenuBar
 529:             1             56  java.net.SocketPermission
 530:             1             56  sun.nio.cs.UTF_16$Decoder
 531:             1             56  com.sun.jmx.mbeanserver.DefaultMXBeanMappingFactory$Mappings
 532:             1             56  com.sun.jmx.remote.internal.ServerNotifForwarder
 533:             1             56  sun.awt.AppContext
 534:             1             56  java.util.zip.ZipFile$ZipFileInflaterInputStream
 535:             1             56  com.sun.jmx.mbeanserver.MBeanIntrospector$MBeanInfoMap
 536:             1             56  com.sun.jmx.mbeanserver.MBeanIntrospector$PerInterfaceMap
 537:             1             56  com.sun.org.apache.xerces.internal.impl.XMLEntityScanner
 538:             1             56  [Ljava.lang.Runnable;
 539:             1             48  [Lsun.font.FontStrike;
 540:             2             48  sun.nio.ch.Util$BufferCache
 541:             2             48  javax.management.NotificationBroadcasterSupport$ListenerInfo
 542:             1             48  sun.java2d.pipe.RenderBuffer
 543:             2             48  java.security.AllPermissionCollection
 544:             3             48  sun.java2d.pipe.PixelToShapeConverter
 545:             2             48  com.sun.jmx.mbeanserver.WeakIdentityHashMap
 546:             2             48  sun.security.jca.ProviderList
 547:             2             48  java.io.ObjectInputStream$PeekInputStream
 548:             2             48  sun.misc.NativeSignalHandler
 549:             1             48  [Lsun.management.counter.Units;
 550:             2             48  java.lang.management.MemoryType
 551:             2             48  java.util.zip.ZStreamRef
 552:             1             48  java.text.AttributedString$AttributedStringIterator
 553:             1             48  java.util.concurrent.locks.ReentrantReadWriteLock$FairSync
 554:             1             48  com.sun.org.apache.xerces.internal.jaxp.DocumentBuilderImpl
 555:             2             48  [[B
 556:             2             48  sun.awt.MostRecentKeyValue
 557:             2             48  com.sun.org.apache.xerces.internal.impl.dtd.DTDGrammarBucket
 558:             1             48  com.sun.org.apache.xerces.internal.util.URI
 559:             1             48  sun.font.CompositeStrike
 560:             3             48  java.text.AttributedCharacterIterator$Attribute
 561:             2             48  sun.reflect.generics.scope.ClassScope
 562:             1             48  sun.awt.windows.WMenuBarPeer
 563:             3             48  sun.java2d.pipe.SpanClipRenderer
 564:             3             48  java.util.TreeMap$KeySet
 565:             2             48  sun.security.jca.ProviderList$3
 566:             2             48  java.awt.Cursor$CursorDisposer
 567:             2             48  sun.font.FontDesignMetrics$MetricsKey
 568:             1             48  [Ljava.util.concurrent.TimeUnit;
 569:             2             48  java.net.InetAddress$Cache
 570:             3             48  sun.net.www.protocol.jar.Handler
 571:             2             48  java.lang.management.ManagementPermission
 572:             1             48  sun.java2d.SurfaceData$PixelToPgramLoopConverter
 573:             3             48  [Ljava.lang.StackTraceElement;
 574:             2             48  sun.reflect.UnsafeBooleanFieldAccessorImpl
 575:             1             48  java.util.logging.LogManager
 576:             2             48  java.rmi.dgc.VMID
 577:             2             48  [Ljava.lang.reflect.TypeVariable;
 578:             2             48  sun.nio.cs.Surrogate$Parser
 579:             2             48  com.sun.org.apache.xerces.internal.impl.dtd.XMLAttributeDecl
 580:             2             48  java.net.InetAddress$Cache$Type
 581:             3             48  java.nio.charset.CodingErrorAction
 582:             1             48  java.awt.event.ActionEvent
 583:             2             48  com.sun.jmx.mbeanserver.ClassLoaderRepositorySupport$LoaderEntry
 584:             2             48  java.awt.ScrollPane$PeerFixer
 585:             1             48  javax.management.remote.rmi.RMIConnectionImpl$RMIServerCommunicatorAdmin
 586:             2             48  sun.management.ManagementFactoryHelper$1
 587:             3             48  java.awt.ComponentOrientation
 588:             2             48  com.sun.jmx.remote.internal.ServerNotifForwarder$IdAndFilter
 589:             2             48  java.nio.charset.CoderResult
 590:             3             48  com.sun.org.apache.xerces.internal.impl.dv.dtd.ListDatatypeValidator
 591:             2             48  sun.reflect.generics.tree.ClassSignature
 592:             2             48  java.util.concurrent.Executors$RunnableAdapter
 593:             2             48  sun.util.locale.LocaleExtensions
 594:             2             48  sun.misc.Signal
 595:             1             40  sun.java2d.SurfaceDataProxy$1
 596:             2             40  [Lsun.reflect.generics.tree.ClassTypeSignature;
 597:             1             40  sun.awt.resources.awt
 598:             1             40  com.sun.jmx.mbeanserver.JmxMBeanServer
 599:             1             40  com.sun.jmx.interceptor.DefaultMBeanServerInterceptor
 600:             1             40  com.sun.org.apache.xerces.internal.jaxp.DocumentBuilderFactoryImpl
 601:             1             40  [Lsun.font.FontDesignMetrics;
 602:             1             40  com.sun.xml.internal.stream.XMLEntityStorage
 603:             1             40  com.sun.jmx.mbeanserver.MBeanServerDelegateImpl
 604:             1             40  java.awt.color.ICC_ProfileRGB
 605:             1             40  sun.util.resources.TimeZoneNames_en
 606:             1             40  sun.util.logging.resources.logging
 607:             1             40  com.sun.org.apache.xerces.internal.impl.XMLVersionDetector
 608:             1             40  sun.nio.cs.StandardCharsets$Aliases
 609:             1             40  [Ljava.lang.management.MemoryPoolMXBean;
 610:             1             40  sun.nio.cs.StandardCharsets$Classes
 611:             1             40  com.sun.xml.internal.stream.util.BufferAllocator
 612:             1             40  java.awt.BasicStroke
 613:             1             40  com.sun.org.apache.xerces.internal.util.XMLAttributesImpl
 614:             1             40  [Lcom.sun.org.apache.xerces.internal.util.Status;
 615:             1             40  sun.awt.AWTAutoShutdown
 616:             1             40  [Lsun.nio.fs.WindowsPathType;
 617:             1             40  [[[Lsun.awt.FontDescriptor;
 618:             1             40  java.text.AttributedString
 619:             1             40  com.sun.org.apache.xerces.internal.impl.XMLErrorReporter
 620:             1             40  sun.util.resources.TimeZoneNames
 621:             1             40  sun.management.MemoryManagerImpl
 622:             1             40  [[[S
 623:             1             40  [Ljava.lang.Thread$State;
 624:             1             40  com.sun.org.apache.xerces.internal.impl.XMLEntityManager$CharacterBufferPool
 625:             1             40  [[[I
 626:             1             40  sun.nio.cs.StandardCharsets$Cache
 627:             1             40  java.util.ResourceBundle$1
 628:             2             40  [Lcom.sun.jmx.mbeanserver.ClassLoaderRepositorySupport$LoaderEntry;
 629:             1             40  sun.awt.windows.awtLocalization
 630:             1             40  javax.management.remote.rmi.RMIConnectionImpl$3
 631:             1             32  sun.management.jmxremote.LocalRMIServerSocketFactory$1
 632:             2             32  java.util.LinkedHashSet
 633:             1             32  com.sun.jmx.mbeanserver.Repository
 634:             1             32  java.lang.Exception
 635:             2             32  sun.rmi.server.UnicastRef2
 636:             2             32  java.lang.InheritableThreadLocal
 637:             1             32  sun.rmi.server.UnicastServerRef
 638:             1             32  sun.java2d.cmm.ProfileDeferralInfo
 639:             1             32  sun.nio.cs.StandardCharsets
 640:             1             32  [Ljava.awt.Dialog$ModalExclusionType;
 641:             1             32  javax.management.remote.JMXServiceURL
 642:             1             32  [Ljava.awt.EventFilter$FilterAction;
 643:             1             32  sun.misc.SoftCache
 644:             1             32  java.lang.StringCoding$StringEncoder
 645:             1             32  sun.rmi.transport.DGCImpl$LeaseInfo
 646:             1             32  sun.awt.Win32GraphicsConfig
 647:             1             32  sun.util.LocaleServiceProviderPool
 648:             1             32  com.sun.jmx.remote.internal.ArrayQueue
 649:             2             32  sun.rmi.server.WeakClassHashMap$ValueCell
 650:             1             32  sun.awt.windows.WGlobalCursorManager
 651:             1             32  java.io.FilePermission
 652:             2             32  java.io.ObjectInputStream$ValidationList
 653:             1             32  sun.java2d.d3d.D3DScreenUpdateManager
 654:             2             32  com.sun.org.apache.xerces.internal.impl.XMLDocumentScannerImpl$XMLDeclDriver
 655:             1             32  [Lsun.java2d.StateTrackable$State;
 656:             1             32  com.sun.org.apache.xerces.internal.util.NamespaceSupport
 657:             1             32  java.lang.NullPointerException
 658:             2             32  java.nio.ByteOrder
 659:             2             32  sun.java2d.pipe.SpanShapeRenderer$Composite
 660:             1             32  [Lsun.nio.fs.NativeBuffer;
 661:             1             32  sun.rmi.transport.proxy.RMIMasterSocketFactory
 662:             1             32  java.security.BasicPermissionCollection
 663:             1             32  java.util.concurrent.atomic.AtomicReferenceFieldUpdater$AtomicReferenceFieldUpdaterImpl
 664:             1             32  java.awt.DefaultFocusTraversalPolicy
 665:             1             32  [Ljava.lang.ThreadGroup;
 666:             2             32  java.lang.Shutdown$Lock
 667:             2             32  java.util.TreeSet
 668:             1             32  [Ljava.util.Map;
 669:             1             32  [[Ljava.awt.AWTKeyStroke;
 670:             1             32  javax.management.MBeanConstructorInfo
 671:             1             32  sun.instrument.InstrumentationImpl
 672:             2             32  sun.awt.SunDisplayChanger
 673:             1             32  [Ljava.awt.Queue;
 674:             1             32  sun.rmi.transport.tcp.TCPTransport$AcceptLoop
 675:             1             32  [Ljava.util.Set;
 676:             1             32  java.lang.ArithmeticException
 677:             2             32  java.lang.Boolean
 678:             2             32  [Ljava.lang.annotation.Annotation;
 679:             1             32  [Ljava.lang.management.MemoryManagerMXBean;
 680:             1             32  java.util.concurrent.SynchronousQueue
 681:             1             32  java.util.concurrent.ScheduledThreadPoolExecutor$DelayedWorkQueue
 682:             2             32  com.sun.org.apache.xerces.internal.impl.XMLDocumentScannerImpl$TrailingMiscDriver
 683:             1             32  java.io.WinNTFileSystem
 684:             1             32  [Ljava.lang.OutOfMemoryError;
 685:             1             32  sun.nio.fs.NativeBuffer
 686:             1             32  sun.awt.PostEventQueue
 687:             2             32  com.sun.org.apache.xerces.internal.impl.dv.dtd.ENTITYDatatypeValidator
 688:             1             32  com.sun.org.apache.xerces.internal.impl.XMLEntityScanner$1
 689:             1             32  sun.nio.fs.WindowsFileSystem
 690:             2             32  com.sun.org.apache.xerces.internal.impl.XMLDocumentScannerImpl$PrologDriver
 691:             1             32  sun.management.MemoryImpl
 692:             1             32  [Lsun.awt.AppContext$State;
 693:             1             32  [Ljava.awt.Window$Type;
 694:             2             32  javax.management.NotificationFilterSupport
 695:             1             32  [Ljava.awt.Dialog$ModalityType;
 696:             1             32  com.sun.org.apache.xerces.internal.impl.XMLNSDocumentScannerImpl$NSContentDriver
 697:             1             24  java.awt.Toolkit$DesktopPropertyChangeSupport
 698:             1             24  java.util.Collections$EmptyMap
 699:             1             24  qa.demos.dom.DOMViewer$2
 700:             1             24  [Ljava.net.InetSocketAddress;
 701:             1             24  qa.demos.dom.DOMViewer$5
 702:             1             24  sun.misc.PerformanceLogger$TimeData
 703:             1             24  sun.awt.Win32GraphicsEnvironment
 704:             1             24  [Ljava.lang.management.MemoryType;
 705:             1             24  sun.management.ThreadImpl
 706:             1             24  com.sun.jmx.remote.security.SubjectDelegator
 707:             1             24  java.lang.reflect.ReflectPermission
 708:             1             24  javax.management.NotificationBroadcasterSupport
 709:             1             24  javax.management.remote.rmi.RMIConnectionImpl$PrivilegedOperation
 710:             1             24  com.sun.jmx.mbeanserver.ClassLoaderRepositorySupport
 711:             1             24  java.util.jar.Manifest
 712:             1             24  sun.nio.cs.UTF_16BE
 713:             1             24  sun.rmi.transport.SequenceEntry
 714:             1             24  qa.demos.dom.DOMViewer$1
 715:             1             24  sun.nio.cs.UTF_8
 716:             1             24  java.util.concurrent.locks.ReentrantReadWriteLock
 717:             1             24  java.awt.ModalEventFilter$ApplicationModalEventFilter
 718:             1             24  [Ljava.awt.GraphicsDevice;
 719:             1             24  [Ljava.net.InetAddress$Cache$Type;
 720:             1             24  com.sun.org.apache.xerces.internal.impl.validation.ValidationManager
 721:             1             24  qa.demos.dom.DOMViewer$6
 722:             1             24  java.net.Inet6AddressImpl
 723:             1             24  sun.nio.cs.MS1252
 724:             1             24  java.awt.KeyboardFocusManager$HeavyweightFocusRequest
 725:             1             24  com.sun.org.apache.xerces.internal.impl.XMLDocumentScannerImpl$ContentDriver
 726:             1             24  com.sun.org.apache.xerces.internal.impl.msg.XMLMessageFormatter
 727:             1             24  sun.awt.SunHints$LCDContrastKey
 728:             1             24  com.sun.org.apache.xerces.internal.impl.Constants$ArrayEnumeration
 729:             1             24  qa.demos.dom.DOMViewer$7
 730:             1             24  sun.awt.windows.WingDings
 731:             1             24  java.util.logging.LoggingPermission
 732:             1             24  sun.awt.GlobalCursorManager$NativeUpdater
 733:             1             24  sun.util.locale.BaseLocale$Cache
 734:             1             24  java.util.ResourceBundle$Control$CandidateListCache
 735:             1             24  java.util.concurrent.TimeUnit$5
 736:             1             24  sun.rmi.transport.DGCImpl
 737:             1             24  java.util.concurrent.TimeUnit$6
 738:             1             24  sun.nio.cs.UTF_16LE
 739:             1             24  sun.rmi.runtime.RuntimeUtil$1
 740:             1             24  java.util.concurrent.TimeUnit$7
 741:             1             24  sun.nio.cs.ThreadLocalCoders$1
 742:             1             24  [Ljava.text.AttributedCharacterIterator$Attribute;
 743:             1             24  qa.demos.dom.DOMViewer$8
 744:             1             24  com.sun.jmx.mbeanserver.MXBeanLookup
 745:             1             24  sun.nio.cs.US_ASCII
 746:             1             24  sun.management.RuntimeImpl
 747:             1             24  java.awt.EventQueue$3
 748:             1             24  sun.nio.cs.ISO_8859_1
 749:             1             24  sun.management.CompilationImpl
 750:             1             24  sun.net.ProgressMonitor
 751:             1             24  java.rmi.MarshalledObject
 752:             1             24  sun.awt.Symbol
 753:             1             24  qa.demos.dom.DOMViewer$9
 754:             1             24  java.util.concurrent.TimeUnit$1
 755:             1             24  sun.management.VMManagementImpl
 756:             1             24  sun.launcher.LauncherHelper
 757:             1             24  sun.nio.cs.ThreadLocalCoders$2
 758:             1             24  sun.rmi.transport.DGCAckHandler
 759:             1             24  qa.demos.dom.DOMViewer$4
 760:             1             24  sun.nio.cs.UTF_16
 761:             1             24  sun.instrument.TransformerManager
 762:             1             24  com.sun.org.apache.xml.internal.utils.XMLReaderManager
 763:             1             24  com.sun.jmx.remote.internal.ArrayNotificationBuffer$ShareBuffer
 764:             1             24  java.util.logging.LogManager$SystemLoggerContext
 765:             1             24  java.util.Collections$1
 766:             1             24  java.util.concurrent.TimeUnit$2
 767:             1             24  java.util.logging.LogManager$LoggerContext
 768:             1             24  java.util.Collections$SetFromMap
 769:             1             24  qa.demos.dom.DOMViewer$3
 770:             1             24  [Lsun.launcher.LauncherHelper;
 771:             1             24  java.io.FilePermissionCollection
 772:             1             24  sun.nio.fs.NativeBuffer$Deallocator
 773:             1             24  sun.misc.URLClassPath$FileLoader
 774:             1             24  java.util.Locale$Cache
 775:             1             24  java.util.concurrent.TimeUnit$3
 776:             1             24  sun.java2d.d3d.D3DRenderQueue
 777:             1             24  com.sun.org.apache.xerces.internal.util.SymbolTable
 778:             1             24  java.awt.Window$WindowDisposerRecord
 779:             1             24  java.awt.EventQueue$4
 780:             1             24  com.sun.org.apache.xerces.internal.util.SecurityManager
 781:             1             24  java.util.concurrent.TimeUnit$4
 782:             1             24  com.sun.management.OperatingSystem
 783:             1             24  [Ljava.awt.TextField;
 784:             1             16  java.lang.reflect.ReflectAccess
 785:             1             16  com.sun.jmx.remote.internal.ServerNotifForwarder$NotifForwarderBufferFilter
 786:             1             16  java.lang.management.PlatformComponent$13
 787:             1             16  sun.awt.AppContext$6
 788:             1             16  sun.reflect.GeneratedMethodAccessor14
 789:             1             16  sun.reflect.GeneratedSerializationConstructorAccessor35
 790:             1             16  sun.reflect.GeneratedSerializationConstructorAccessor2
 791:             1             16  sun.reflect.GeneratedSerializationConstructorAccessor12
 792:             1             16  com.sun.jmx.mbeanserver.SecureClassLoaderRepository
 793:             1             16  java.util.logging.ErrorManager
 794:             1             16  java.util.concurrent.ConcurrentHashMap$Values
 795:             1             16  sun.awt.windows.WInputMethodDescriptor
 796:             1             16  sun.reflect.GeneratedSerializationConstructorAccessor4
 797:             1             16  sun.awt.windows.WWindowPeer$ActiveWindowListener
 798:             1             16  sun.reflect.GeneratedMethodAccessor18
 799:             1             16  sun.reflect.GeneratedSerializationConstructorAccessor21
 800:             1             16  java.util.ResourceBundle$Control
 801:             1             16  java.util.zip.ZipFile$2
 802:             1             16  sun.java2d.pipe.GeneralCompositePipe
 803:             1             16  qa.demos.dom.DOMViewer$15
 804:             1             16  sun.reflect.GeneratedMethodAccessor5
 805:             1             16  java.awt.SequencedEvent$1
 806:             1             16  java.awt.EventDispatchThread$1
 807:             1             16  java.lang.management.PlatformComponent$6
 808:             1             16  [Ljava.net.URL;
 809:             1             16  java.lang.ref.Reference$Lock
 810:             1             16  sun.awt.image.PixelConverter$ByteGray
 811:             1             16  java.util.Collections$SingletonSet
 812:             1             16  sun.util.CoreResourceBundleControl
 813:             1             16  sun.reflect.GeneratedSerializationConstructorAccessor25
 814:             1             16  sun.util.resources.LocaleData$LocaleDataResourceBundleControl
 815:             1             16  javax.xml.transform.SecuritySupport
 816:             1             16  sun.reflect.GeneratedSerializationConstructorAccessor8
 817:             1             16  sun.awt.windows.WToolkit$2$1
 818:             1             16  sun.reflect.GeneratedSerializationConstructorAccessor36
 819:             1             16  sun.reflect.GeneratedMethodAccessor19
 820:             1             16  sun.reflect.GeneratedMethodAccessor10
 821:             1             16  sun.reflect.GeneratedMethodAccessor34
 822:             1             16  java.util.logging.SimpleFormatter
 823:             1             16  sun.awt.image.PixelConverter$RgbaPre
 824:             1             16  sun.awt.image.PixelConverter$Xrgb
 825:             1             16  sun.java2d.pipe.AlphaColorPipe
 826:             1             16  java.lang.management.PlatformComponent$1
 827:             1             16  sun.reflect.GeneratedSerializationConstructorAccessor24
 828:             1             16  java.util.Collections$EmptySet
 829:             1             16  java.security.ProtectionDomain$1
 830:             1             16  sun.reflect.GeneratedMethodAccessor9
 831:             1             16  sun.awt.image.PixelConverter$UshortGray
 832:             1             16  sun.reflect.GeneratedSerializationConstructorAccessor20
 833:             1             16  java.awt.MenuComponent$1
 834:             1             16  qa.demos.dom.DOMViewer$14
 835:             1             16  java.lang.CharacterDataLatin1
 836:             1             16  com.sun.jmx.mbeanserver.MBeanInstantiator
 837:             1             16  sun.font.CMap$NullCMapClass
 838:             1             16  sun.reflect.GeneratedSerializationConstructorAccessor15
 839:             1             16  sun.reflect.GeneratedMethodAccessor20
 840:             1             16  sun.java2d.pipe.LoopPipe
 841:             1             16  sun.awt.windows.WToolkit$2
 842:             1             16  sun.misc.Perf
 843:             1             16  sun.awt.image.PixelConverter$Ushort4444Argb
 844:             1             16  java.util.Hashtable$EntrySet
 845:             1             16  sun.management.ClassLoadingImpl
 846:             1             16  sun.reflect.ReflectionFactory
 847:             1             16  javax.management.remote.rmi.RMIConnectionImpl_Stub
 848:             1             16  sun.net.www.protocol.file.Handler
 849:             1             16  java.nio.file.Files$AcceptAllFilter
 850:             1             16  sun.reflect.GeneratedMethodAccessor33
 851:             1             16  java.awt.Container$1
 852:             1             16  sun.reflect.GeneratedSerializationConstructorAccessor26
 853:             1             16  sun.java2d.StateTracker$2
 854:             1             16  sun.reflect.GeneratedSerializationConstructorAccessor6
 855:             1             16  javax.management.remote.rmi.RMIServerImpl_Stub
 856:             1             16  sun.awt.windows.WToolkit$ToolkitDisposer
 857:             1             16  sun.awt.image.PixelConverter$Rgbx
 858:             1             16  java.nio.Bits$1$1
 859:             1             16  [Ljava.nio.file.attribute.FileAttribute;
 860:             1             16  com.sun.org.apache.xerces.internal.utils.SecuritySupport
 861:             1             16  java.lang.management.PlatformComponent$12
 862:             1             16  sun.reflect.GeneratedSerializationConstructorAccessor19
 863:             1             16  sun.reflect.GeneratedMethodAccessor21
 864:             1             16  sun.java2d.pipe.NullPipe
 865:             1             16  com.sun.jmx.interceptor.DefaultMBeanServerInterceptor$ResourceContext$1
 866:             1             16  java.util.concurrent.atomic.AtomicBoolean
 867:             1             16  java.awt.EventDispatchThread$HierarchyEventFilter
 868:             1             16  qa.demos.dom.DOMViewer$10
 869:             1             16  sun.reflect.GeneratedMethodAccessor17
 870:             1             16  sun.reflect.GeneratedSerializationConstructorAccessor14
 871:             1             16  java.lang.management.PlatformComponent$7
 872:             1             16  sun.reflect.generics.tree.TypeVariableSignature
 873:             1             16  java.util.concurrent.SynchronousQueue$TransferStack
 874:             1             16  sun.java2d.pipe.LCDTextRenderer
 875:             1             16  sun.reflect.GeneratedMethodAccessor4
 876:             1             16  qa.demos.dom.DOMViewer$CreateDialog$1
 877:             1             16  sun.reflect.GeneratedSerializationConstructorAccessor10
 878:             1             16  sun.awt.image.PixelConverter$Bgrx
 879:             1             16  qa.demos.dom.DOMViewer$13
 880:             1             16  javax.management.JMX
 881:             1             16  sun.misc.Launcher
 882:             1             16  sun.reflect.GeneratedConstructorAccessor1
 883:             1             16  java.awt.Window$1
 884:             1             16  sun.reflect.GeneratedSerializationConstructorAccessor27
 885:             1             16  sun.rmi.transport.DGCImpl$1
 886:             1             16  com.sun.jmx.mbeanserver.DefaultMXBeanMappingFactory
 887:             1             16  java.util.concurrent.locks.ReentrantReadWriteLock$Sync$ThreadLocalHoldCounter
 888:             1             16  java.awt.EventQueue$1
 889:             1             16  sun.reflect.GeneratedConstructorAccessor2
 890:             1             16  com.sun.org.apache.xerces.internal.impl.dv.dtd.DTDDVFactoryImpl
 891:             1             16  sun.rmi.transport.DGCImpl_Stub
 892:             1             16  sun.reflect.GeneratedSerializationConstructorAccessor16
 893:             1             16  sun.reflect.GeneratedSerializationConstructorAccessor18
 894:             1             16  sun.awt.windows.WWindowPeer$GuiDisposedListener
 895:             1             16  java.util.regex.Pattern$Node
 896:             1             16  sun.reflect.GeneratedMethodAccessor22
 897:             1             16  java.lang.ApplicationShutdownHooks$1
 898:             1             16  sun.reflect.GeneratedSerializationConstructorAccessor5
 899:             1             16  sun.java2d.pipe.AATextRenderer
 900:             1             16  sun.misc.ASCIICaseInsensitiveComparator
 901:             1             16  sun.misc.FloatingDecimal$1
 902:             1             16  java.lang.management.PlatformComponent$2
 903:             1             16  java.util.WeakHashMap$KeySet
 904:             1             16  sun.font.SunFontManager$T1Filter
 905:             1             16  qa.demos.dom.DOMViewer$CreateDialog$2
 906:             1             16  java.util.Collections$EmptyList
 907:             1             16  sun.reflect.GeneratedMethodAccessor28
 908:             1             16  java.lang.Terminator$1
 909:             1             16  sun.awt.image.PixelConverter$ArgbBm
 910:             1             16  com.sun.jmx.remote.protocol.iiop.IIOPProxyImpl
 911:             1             16  sun.reflect.GeneratedMethodAccessor11
 912:             1             16  sun.rmi.runtime.Log$LoggerLogFactory
 913:             1             16  java.nio.charset.CoderResult$2
 914:             1             16  java.util.concurrent.ConcurrentHashMap$KeySet
 915:             1             16  sun.java2d.SurfaceData$PixelToShapeLoopConverter
 916:             1             16  [Ljava.awt.Component;
 917:             1             16  sun.rmi.transport.DGCImpl_Skel
 918:             1             16  [Lsun.instrument.TransformerManager$TransformerInfo;
 919:             1             16  sun.awt.image.PixelConverter$Ushort555Rgbx
 920:             1             16  java.util.Collections$EmptyEnumeration
 921:             1             16  java.security.ProtectionDomain$3
 922:             1             16  sun.java2d.StateTracker$1
 923:             1             16  qa.demos.dom.DOMViewer$12
 924:             1             16  sun.awt.SunToolkit$ModalityListenerList
 925:             1             16  java.lang.CharacterData00
 926:             1             16  sun.rmi.transport.DGCAckHandler$1
 927:             1             16  sun.reflect.GeneratedSerializationConstructorAccessor34
 928:             1             16  qa.demos.dom.DOMViewer$CreateDialog$3
 929:             1             16  sun.font.SunFontManager$TTFilter
 930:             1             16  sun.java2d.loops.GraphicsPrimitiveMgr$1
 931:             1             16  sun.awt.image.PixelConverter$Argb
 932:             1             16  sun.reflect.GeneratedSerializationConstructorAccessor28
 933:             1             16  com.sun.jmx.mbeanserver.DescriptorCache
 934:             1             16  com.sun.org.apache.xerces.internal.impl.dv.dtd.StringDatatypeValidator
 935:             1             16  sun.awt.windows.WKeyboardFocusManagerPeer
 936:             1             16  sun.reflect.GeneratedMethodAccessor16
 937:             1             16  java.lang.Runtime
 938:             1             16  sun.nio.fs.WindowsFileSystemProvider
 939:             1             16  sun.reflect.GeneratedMethodAccessor23
 940:             1             16  sun.reflect.GeneratedSerializationConstructorAccessor22
 941:             1             16  java.util.concurrent.locks.ReentrantReadWriteLock$ReadLock
 942:             1             16  java.lang.ProcessEnvironment$NameComparator
 943:             1             16  sun.rmi.server.UnicastServerRef$HashToMethod_Maps
 944:             1             16  com.sun.jmx.remote.internal.ArrayNotificationBuffer$BroadcasterQuery
 945:             1             16  java.util.regex.Pattern$4
 946:             1             16  java.nio.charset.CoderResult$1
 947:             1             16  sun.java2d.pipe.ValidatePipe
 948:             1             16  sun.reflect.GeneratedMethodAccessor31
 949:             1             16  sun.misc.Launcher$Factory
 950:             1             16  com.sun.jmx.remote.internal.ServerCommunicatorAdmin$Timeout
 951:             1             16  java.net.URLClassLoader$7
 952:             1             16  java.awt.event.InputEvent$1
 953:             1             16  java.awt.Component$DummyRequestFocusController
 954:             1             16  java.awt.Frame$1
 955:             1             16  sun.awt.image.PixelConverter$Ushort555Rgb
 956:             1             16  javax.xml.parsers.SecuritySupport
 957:             1             16  sun.reflect.GeneratedSerializationConstructorAccessor17
 958:             1             16  com.sun.org.apache.xerces.internal.impl.dv.dtd.IDDatatypeValidator
 959:             1             16  qa.demos.dom.DOMViewer$CreateDialog$4
 960:             1             16  sun.java2d.pipe.SolidTextRenderer
 961:             1             16  java.lang.management.PlatformComponent$3
 962:             1             16  java.lang.management.PlatformComponent$5
 963:             1             16  com.sun.jmx.remote.internal.ArrayNotificationBuffer$5
 964:             1             16  java.lang.System$2
 965:             1             16  java.awt.Cursor$1
 966:             1             16  sun.management.HotSpotDiagnostic
 967:             1             16  sun.rmi.transport.tcp.TCPTransport$1
 968:             1             16  java.util.logging.LoggingProxyImpl
 969:             1             16  java.awt.Component$AWTTreeLock
 970:             1             16  sun.reflect.GeneratedMethodAccessor6
 971:             1             16  sun.reflect.GeneratedMethodAccessor24
 972:             1             16  javax.management.MBeanServerBuilder
 973:             1             16  qa.demos.dom.DOMViewer$11
 974:             1             16  sun.reflect.GeneratedSerializationConstructorAccessor31
 975:             1             16  sun.reflect.GeneratedMethodAccessor2
 976:             1             16  java.nio.Bits$1
 977:             1             16  sun.java2d.pipe.AlphaPaintPipe
 978:             1             16  java.awt.event.KeyEvent$1
 979:             1             16  sun.awt.image.PixelConverter$Rgba
 980:             1             16  sun.reflect.GeneratedSerializationConstructorAccessor33
 981:             1             16  com.sun.org.apache.xerces.internal.dom.CharacterDataImpl$1
 982:             1             16  [Ljava.lang.Throwable;
 983:             1             16  sun.reflect.GeneratedMethodAccessor7
 984:             1             16  java.lang.ProcessEnvironment$EntryComparator
 985:             1             16  sun.reflect.GeneratedMethodAccessor30
 986:             1             16  sun.java2d.WindowsSurfaceManagerFactory
 987:             1             16  com.sun.org.apache.xerces.internal.impl.dv.dtd.IDREFDatatypeValidator
 988:             1             16  sun.java2d.d3d.D3DScreenUpdateManager$1
 989:             1             16  com.sun.jmx.mbeanserver.MBeanAnalyzer$MethodOrder
 990:             1             16  sun.net.www.protocol.jar.JarFileFactory
 991:             1             16  java.awt.ImageCapabilities
 992:             1             16  java.lang.management.PlatformComponent$11
 993:             1             16  sun.reflect.GeneratedMethodAccessor1
 994:             1             16  sun.reflect.GeneratedMethodAccessor13
 995:             1             16  java.io.FileDescriptor$1
 996:             1             16  javax.management.NotificationBroadcasterSupport$1
 997:             1             16  [Ljava.lang.management.LockInfo;
 998:             1             16  sun.reflect.GeneratedSerializationConstructorAccessor11
 999:             1             16  com.sun.jmx.remote.internal.ArrayNotificationBuffer$BufferListener
1000:             1             16  java.lang.management.PlatformComponent$15
1001:             1             16  [Ljava.lang.management.MonitorInfo;
1002:             1             16  java.awt.GraphicsCallback$PaintCallback
1003:             1             16  sun.reflect.GeneratedMethodAccessor25
1004:             1             16  sun.rmi.server.UnicastRef
1005:             1             16  sun.management.jmxremote.LocalRMIServerSocketFactory
1006:             1             16  java.awt.AWTEvent$1
1007:             1             16  com.sun.jmx.mbeanserver.MXBeanIntrospector
1008:             1             16  sun.java2d.windows.GDIRenderer
1009:             1             16  java.awt.Component$1
1010:             1             16  java.rmi.server.RMIClassLoader$2
1011:             1             16  java.util.concurrent.locks.ReentrantReadWriteLock$WriteLock
1012:             1             16  java.awt.DefaultKeyboardFocusManager$1
1013:             1             16  sun.reflect.GeneratedSerializationConstructorAccessor23
1014:             1             16  sun.management.ManagementFactoryHelper$PlatformLoggingImpl
1015:             1             16  sun.reflect.GeneratedSerializationConstructorAccessor3
1016:             1             16  sun.reflect.GeneratedSerializationConstructorAccessor39
1017:             1             16  sun.reflect.GeneratedSerializationConstructorAccessor13
1018:             1             16  sun.reflect.GeneratedSerializationConstructorAccessor37
1019:             1             16  java.awt.Menu$1
1020:             1             16  sun.net.DefaultProgressMeteringPolicy
1021:             1             16  java.awt.KeyboardFocusManager$1
1022:             1             16  sun.reflect.GeneratedSerializationConstructorAccessor32
1023:             1             16  sun.awt.image.PixelConverter
1024:             1             16  sun.rmi.transport.proxy.RMIDirectSocketFactory
1025:             1             16  sun.reflect.GeneratedSerializationConstructorAccessor1
1026:             1             16  sun.reflect.GeneratedSerializationConstructorAccessor29
1027:             1             16  sun.nio.ch.FileChannelImpl$1
1028:             1             16  java.awt.Font$FontAccessImpl
1029:             1             16  java.lang.management.PlatformComponent$8
1030:             1             16  sun.rmi.runtime.RuntimeUtil
1031:             1             16  sun.reflect.GeneratedMethodAccessor29
1032:             1             16  java.awt.Image$1
1033:             1             16  java.lang.management.PlatformComponent$10
1034:             1             16  java.security.AllPermission
1035:             1             16  sun.awt.image.PixelConverter$Xbgr
1036:             1             16  sun.reflect.GeneratedMethodAccessor26
1037:             1             16  [Ljava.security.cert.Certificate;
1038:             1             16  java.util.jar.JavaUtilJarAccessImpl
1039:             1             16  java.util.regex.Pattern$LastNode
1040:             1             16  [Ljava.security.Provider;
1041:             1             16  sun.awt.image.PixelConverter$ArgbPre
1042:             1             16  sun.java2d.pipe.DrawImage
1043:             1             16  qa.demos.dom.DOMViewer$16
1044:             1             16  sun.reflect.GeneratedSerializationConstructorAccessor7
1045:             1             16  sun.java2d.Disposer
1046:             1             16  sun.reflect.GeneratedMethodAccessor15
1047:             1             16  sun.dc.DuctusRenderingEngine
1048:             1             16  sun.awt.image.PixelConverter$Ushort565Rgb
1049:             1             16  [Ljava.util.logging.Handler;
1050:             1             16  java.awt.MenuBar$1
1051:             1             16  com.sun.org.apache.xerces.internal.impl.dv.dtd.NOTATIONDatatypeValidator
1052:             1             16  sun.java2d.loops.GraphicsPrimitiveMgr$2
1053:             1             16  sun.java2d.d3d.D3DScreenUpdateManager$1$1
1054:             1             16  sun.security.provider.NativeSeedGenerator
1055:             1             16  sun.reflect.GeneratedSerializationConstructorAccessor38
1056:             1             16  java.lang.management.PlatformComponent$9
1057:             1             16  java.lang.String$CaseInsensitiveComparator
1058:             1             16  sun.reflect.GeneratedMethodAccessor12
1059:             1             16  java.lang.management.PlatformComponent$14
1060:             1             16  sun.util.locale.InternalLocaleBuilder$CaseInsensitiveChar
1061:             1             16  sun.awt.PaintEventDispatcher
1062:             1             16  sun.util.calendar.Gregorian
1063:             1             16  sun.misc.Unsafe
1064:             1             16  java.lang.management.PlatformComponent$4
1065:             1             16  java.util.concurrent.ThreadPoolExecutor$AbortPolicy
1066:             1             16  sun.reflect.GeneratedMethodAccessor3
1067:             1             16  sun.java2d.pipe.OutlineTextRenderer
1068:             1             16  sun.reflect.GeneratedSerializationConstructorAccessor9
1069:             1             16  java.awt.ScrollPaneAdjustable$1
1070:             1             16  com.sun.org.apache.xalan.internal.utils.SecuritySupport
1071:             1             16  com.sun.org.apache.xerces.internal.impl.dv.dtd.NMTOKENDatatypeValidator
1072:             1             16  java.awt.MenuItem$1
1073:             1             16  java.awt.EventQueue$2
1074:             1             16  java.util.Collections$EmptyIterator
1075:             1             16  java.net.InetAddress$1
1076:             1             16  sun.reflect.GeneratedMethodAccessor27
1077:             1             16  sun.nio.ch.Util$1
1078:             1             16  sun.reflect.GeneratedMethodAccessor32
1079:             1             16  java.awt.color.ICC_Profile$1
1080:             1             16  sun.reflect.GeneratedMethodAccessor8
1081:             1             16  sun.reflect.GeneratedSerializationConstructorAccessor30
1082:             1             16  sun.management.jmxremote.ConnectorBootstrap$PermanentExporter
Total        180657       18524128
, 0.0274060 secs]
39.975: [Full GC (System) [PSYoungGen: 3168K->0K(37824K)] [ParOldGen: 1841K->4847K(86528K)] 5009K->4847K(124352K) [PSPermGen: 13079K->13077K(22464K)], 0.1320676 secs] [Times: user=0.20 sys=0.00, real=0.12 secs] 
Heap
 PSYoungGen      total 37824K, used 4328K [0x00000007d5c00000, 0x00000007d8630000, 0x0000000800000000)
  eden space 32448K, 13% used [0x00000007d5c00000,0x00000007d603a018,0x00000007d7bb0000)
  from space 5376K, 0% used [0x00000007d80f0000,0x00000007d80f0000,0x00000007d8630000)
  to   space 5376K, 0% used [0x00000007d7bb0000,0x00000007d7bb0000,0x00000007d80f0000)
 ParOldGen       total 86528K, used 4847K [0x0000000781400000, 0x0000000786880000, 0x00000007d5c00000)
  object space 86528K, 5% used [0x0000000781400000,0x00000007818bbf48,0x0000000786880000)
 PSPermGen       total 22464K, used 13247K [0x000000077c200000, 0x000000077d7f0000, 0x0000000781400000)
  object space 22464K, 58% used [0x000000077c200000,0x000000077ceefc68,0x000000077d7f0000)
